Starting Two-Phase Competitive Optimization
Problem: CVRP using ACO
Round 1: MCTS optimization (individual strategies)
Final Round: Sequential optimization (system-aware)
Two AI players compete in both phases

Logging enabled:
  Round 1: results/20260730_112051_cvrp_aco_round_1.json
  Final Round: results/20260730_112051_cvrp_aco_round_2.json

============================================================
PHASE 1: ROUND 1 - MCTS OPTIMIZATION
============================================================
[BASELINE] Evaluating initial implementation...
[BASELINE] Initial cost: 93.43636330420338

==================================================
INITIALIZING COMPETITIVE STRATEGY TREES
==================================================
  Initialized tree for F1 (initialize)
  Initialized tree for F2 (compute_probabilities)
  Initialized tree for F3 (update_pheromone)
==================================================

Initialized Controller with dynamic baseline

==================================================
STARTING ROUND 1: MCTS OPTIMIZATION
Initial baseline: 93.43636330420338
Outer iterations: 20
==================================================

==================== OUTER ITERATION 1/20 ====================
[UCB] Selected: F1

[STRATEGY] Running 10 iterations on F1
  Current baseline: 93.436363
[EVAL WARNING] problems/cvrp_aco/F1.py:4: RuntimeWarning: divide by zero encountered in divide
  heuristic = (1.0 / distances) * (capacity / demands[:, np.newaxis])
  Turn 1: P1 used learning
    Summary: Enhanced heuristic combining distance and demand for improved route scoring.
    Improvement: -3.03%
  Turn 2: P1 used counter
    Summary: Enhanced heuristic balances demand and distance for better route scoring.
    Improvement: -0.56%
  Turn 3: P1 used innovation
    Summary: Introduced a demand-weighted heuristic based on distance.
    Improvement: -5.18%
[EVAL WARNING] problems/cvrp_aco/F1.py:4: RuntimeWarning: divide by zero encountered in divide
  heuristic = (1.0 / distances) * (capacity / demands)
  Turn 4: P2 used learning
    Summary: Enhanced heuristic balances distance, demand, and vehicle capacity.
    Improvement: -7.14%
[EVAL WARNING] problems/cvrp_aco/F1.py:8: RuntimeWarning: divide by zero encountered in scalar divide
  heuristic[0, i] = 1 / (distances[0, i] + 1e-10) * (capacity / demands[i])
  Turn 5: P2 used innovation
    Summary: Enhanced heuristic using demand and depot proximity for route initialization.
    Improvement: -128.93%
  Turn 6: P2 used innovation
    Summary: Implemented a demand-weighted heuristic for improved route scoring.
    Improvement: -5.18%
[EVAL WARNING] problems/cvrp_aco/F1.py:9: RuntimeWarning: divide by zero encountered in scalar divide
  heuristic[i, j] = (1.0 / distances[i, j]) * (capacity / demands[j])
  Turn 7: P2 used counter
    Summary: Enhanced heuristic to balance distance and demand ratio for improved routing.
    Improvement: -7.14%
  Turn 8: P2 used innovation
    Summary: Enhanced heuristic combines demand and distance for improved route scoring.
    Improvement: -8.26%
  Turn 9: P2 used learning
    Summary: Enhanced heuristic prioritizes customer demand and capacity constraints.
    Improvement: -5.78%
[EVAL WARNING] problems/cvrp_aco/F1.py:9: RuntimeWarning: divide by zero encountered in scalar divide
  heuristic[i, j] = (capacity / demands[j]) * (1.0 / distances[i, j])
  Turn 10: P2 used learning
    Summary: Improved initialization heuristic with demand-weighted distance adjustments.
    Improvement: -7.14%
[BASELINE] Checking F1 results...
[BASELINE] No improvement
  Current baseline: 93.436363
  Best achieved: 93.436363
[SAVE] Saved best implementation for F1
[REVERT] Reverted F1 to previous best

==================== OUTER ITERATION 2/20 ====================
[UCB] Selected: F2

[STRATEGY] Running 10 iterations on F2
  Current baseline: 93.436363
  Turn 1: P1 used innovation
    Summary: Adaptive weights enhance exploration and exploitation for better routing.
    Improvement: 1.07%
  Turn 2: P1 used learning
    Summary: Enhanced pheromone and heuristic balance for iteration-aware exploration.
    Improvement: 0.00%
  Turn 3: P1 used counter
    Summary: Implemented time-dependent scaling for transition weights.
    Improvement: 0.00%
  Turn 4: P2 used counter
    Summary: Dynamic adjustment of both alpha and beta improves exploration and convergence.
    Improvement: -1.00%
  Turn 5: P2 used learning
    Summary: Enhanced dynamic alpha and beta for better solution exploration.
    Improvement: -0.15%
  Turn 6: P2 used counter
    Summary: Adaptively adjusted both pheromone and heuristic influences for better exploration.
    Improvement: -0.96%
  Turn 7: P2 used innovation
    Summary: Enhanced pheromone decay with increasing heuristic influence.
    Improvement: -14.10%
  Turn 8: P2 used innovation
    Summary: Introduced dynamic weighting and decay factors for exploration.
    Improvement: -7.50%
  Turn 9: P2 used learning
    Summary: Enhanced adaptive weights for pheromone and heuristic based on iterations.
    Improvement: 0.27%
  Turn 10: P2 used counter
    Summary: Enhanced dynamic balance of pheromone and heuristic for improved exploration.
    Improvement: 0.49%
[BASELINE] Checking F2 results...
[BASELINE] Found improvement!
  Previous: 93.436363
  New: 92.438030
  Improvement: 1.07%
[SAVE] Saved best implementation for F2
[BASELINE] Propagating update to all trees...
[BASELINE] All trees updated

==================== OUTER ITERATION 3/20 ====================
[UCB] Selected: F3

[STRATEGY] Running 10 iterations on F3
  Current baseline: 92.438030
  Turn 1: P1 used learning
    Summary: Enhanced pheromone update with dynamic decay and stronger depot transitions.
    Improvement: -1.88%
  Turn 2: P1 used innovation
    Summary: Enhanced pheromone deposit strategy based on relative solution cost.
    Improvement: -1.79%
  Turn 3: P1 used counter
    Summary: Enhanced pheromone deposition at depot transitions for better exploration.
    Improvement: 0.00%
  Turn 4: P2 used counter
    Summary: Increased pheromone reinforcement on all edges and maintained depot transitions.
    Improvement: 0.00%
  Turn 5: P2 used learning
    Summary: Dynamic pheromone deposit strategy and reinforced depot transitions enhance performance.
    Improvement: -5.21%
  Turn 6: P2 used counter
    Summary: Enhanced pheromone deposition adaptive to iteration and strengthened depot transitions.
    Improvement: -0.39%
  Turn 7: P2 used innovation
    Summary: Introduced normalized pheromone deposits to enhance exploration.
    Improvement: -2.54%
  Turn 8: P2 used learning
    Summary: Enhanced pheromone deposition at depots with iterative scaling for better exploration.
    Improvement: -5.21%
  Turn 9: P2 used counter
    Summary: Enhanced pheromone updates with depot reinforcement and diversification strategy.
    Improvement: -7.68%
  Turn 10: P2 used innovation
    Summary: Enhanced pheromone update with adaptive decay and stronger depot reinforcement.
    Improvement: -1.70%
[BASELINE] Checking F3 results...
[BASELINE] No improvement
  Current baseline: 92.438030
  Best achieved: 92.438030
[SAVE] Saved best implementation for F3
[REVERT] Reverted F3 to previous best

==================== OUTER ITERATION 4/20 ====================
[UCB] Selected: F2

[STRATEGY] Running 10 iterations on F2
  Current baseline: 92.438030
  Turn 11: P1 used innovation
    Summary: Dynamic adjustments for alpha and beta enhance exploration and convergence.
    Improvement: -1.85%
  Turn 12: P2 used innovation
    Summary: Dynamic adjustment of pheromone and heuristic influences for better exploration.
    Improvement: -41.25%
  Turn 13: P2 used learning
    Summary: Enhanced pheromone influence with exponential decay for better exploration.
    Improvement: 0.00%
  Turn 14: P1 used learning
    Summary: Enhanced alpha adjustment with decay factor for better exploration.
    Improvement: 0.00%
  Turn 15: P1 used innovation
    Summary: Enhanced adaptive balancing of pheromone and heuristic influences.
    Improvement: -1.93%
  Turn 16: P1 used counter
    Summary: Enhanced pheromone and heuristic balance for improved exploration.
    Improvement: 0.00%
  Turn 17: P1 used counter
    Summary: Improved pheromone decay for better exploration and numerical stability.
    Improvement: 0.00%
  Turn 18: P1 used counter
    Summary: Enhanced pheromone and heuristic weighting for improved exploration and exploitation.
    Improvement: -0.08%
  Turn 19: P1 used innovation
    Summary: Introduced dynamic heuristic weight based on iteration for improved exploration.
    Improvement: -1.70%
  Turn 20: P1 used learning
    Summary: Dynamic alpha adjustment combined with decay factor for optimal exploration.
    Improvement: -2.39%
[BASELINE] Checking F2 results...
[BASELINE] No improvement
  Current baseline: 92.438030
  Best achieved: 92.438030
[SAVE] Saved best implementation for F2
[REVERT] Reverted F2 to previous best

==================== OUTER ITERATION 5/20 ====================
[UCB] Selected: F1

[STRATEGY] Running 10 iterations on F1
  Current baseline: 92.438030
  Turn 11: P2 used counter
    Summary: Improved heuristic incorporating demand relation for better route scoring.
    Improvement: -26.48%
  Turn 12: P1 used innovation
    Summary: Introduced a capacity-sensitive heuristic to enhance route scoring.
    Improvement: -2.22%
  Turn 13: P2 used counter
    Summary: Demand-weighted heuristic incorporates both distance and demand.
    Improvement: -26.48%
  Turn 14: P1 used learning
    Summary: Enhanced heuristic balances distance and demand with spatial considerations.
    Improvement: -0.44%
[EVAL WARNING] problems/cvrp_aco/F1.py:8: RuntimeWarning: divide by zero encountered in scalar divide
  score[i, j] = (capacity / (demands[i] + demands[j])) * (1.0 / distances[i, j])
  Turn 15: P1 used innovation
    Summary: Introduced a new heuristic based on combined distance and capacity constraints.
    Improvement: -3.05%
  Turn 16: P1 used innovation
    Summary: Introduced a demand-to-distance ratio heuristic with capacity normalization.
    Improvement: -7.86%
  Turn 17: P1 used learning
    Summary: Enhanced heuristic combines demand effectiveness and distance for improved routing.
    Improvement: -2.22%
  Turn 18: P1 used counter
    Summary: Improved heuristic by integrating spatial distance and demand scaling.
    Improvement: -4.79%
  Turn 19: P1 used innovation
    Summary: Implemented a capacity-utilizing heuristic combining demand and distance.
    Improvement: -121.89%
  Turn 20: P1 used counter
    Summary: Enhanced heuristic integrates load factor with distance for better route scoring.
    Improvement: -2.22%
[BASELINE] Checking F1 results...
[BASELINE] No improvement
  Current baseline: 92.438030
  Best achieved: 92.848185
[SAVE] Saved best implementation for F1
[REVERT] Reverted F1 to previous best

==================== OUTER ITERATION 6/20 ====================
[UCB] Selected: F3

[STRATEGY] Running 10 iterations on F3
  Current baseline: 92.438030
  Turn 11: P1 used learning
    Summary: Introduced dynamic decay for pheromone updates, enhancing exploration.
    Improvement: 0.56%
  Turn 12: P2 used innovation
    Summary: Introduced normalized pheromone deposit strategy based on total deposits.
    Improvement: -1.60%
  Turn 13: P1 used counter
    Summary: Enhanced pheromone dynamics with adaptive deposition based on iteration and solution cost.
    Improvement: -1.25%
  Turn 14: P2 used learning
    Summary: Enhanced pheromone update with stronger decay and depot transition emphasis.
    Improvement: -0.34%
  Turn 15: P1 used learning
    Summary: Enhanced pheromone deposition with dynamic scaling for improved exploration.
    Improvement: -1.34%
  Turn 16: P1 used innovation
    Summary: Dynamic decay and targeted reinforcement for lower-cost routes.
    Improvement: 0.38%
[EVAL WARNING] Traceback (most recent call last):
  File "problems/cvrp_aco/eval.py", line 110, in <module>
    main(mode)
    ~~~~^^^^^^
  File "problems/cvrp_aco/eval.py", line 102, in main
    costs = process_file(path, n_ants=N_ANTS, n_iter=N_ITERATIONS)
  File "problems/cvrp_aco/eval.py", line 72, in process_file
    results.append(eval_instance(node_positions[i], demands[i], CAPACITY, n_ants, n_iter, int(seeds[i])))
                   ~~~~~~~~~~~~~^^^^^^^^^^^^^^^^^^^^^^^^^^^^^^^^^^^^^^^^^^^^^^^^^^^^^^^^^^^^^^^^^^^^^^^^
  File "problems/cvrp_aco/eval.py", line 43, in eval_instance
    return run_cvrp_aco(dist_mat, demands, coords, capacity, n_ants, n_iter)
  File "problems/cvrp_aco/aco.py", line 131, in run_cvrp_aco
    pheromone = update_pheromone(pheromone, solutions, costs.tolist(), iteration, n_iterations)
  File "problems/cvrp_aco/F3.py", line 12, in update_pheromone
    pheromone[solution[j], solution[j + 1]] += deposit
    ~~~~~~~~~^^^^^^^^^^^^^^^^^^^^^^^^^^^^^^
IndexError: shape mismatch: indexing arrays could not be broadcast together with shapes (13,) (11,)
  Turn 17: P1 used innovation
    Summary: Implemented adaptive pheromone decay and weighted deposition by route length.
    Improvement: 0.00%
  Turn 18: P1 used counter
    Summary: Implemented tiered deposit strategy and aggressive decay for better pheromone update.
    Improvement: -1.76%
  Turn 19: P1 used learning
    Summary: Dynamic decay with depot route reinforcement improves pheromone updates.
    Improvement: -1.88%
  Turn 20: P1 used counter
    Summary: Dynamic pheromone decay based on iteration and improved deposit strategy.
    Improvement: -1.86%
[BASELINE] Checking F3 results...
[BASELINE] Found improvement!
  Previous: 92.438030
  New: 91.918139
  Improvement: 0.56%
[SAVE] Saved best implementation for F3
[BASELINE] Propagating update to all trees...
[BASELINE] All trees updated

==================== OUTER ITERATION 7/20 ====================
[UCB] Selected: F2

[STRATEGY] Running 10 iterations on F2
  Current baseline: 91.918139
  Turn 21: P1 used learning
    Summary: Dynamic alpha and beta, plus decay factor improve exploration-exploitation.
    Improvement: -0.95%
  Turn 22: P1 used counter
    Summary: Dynamic alpha and beta adjustments enhance exploration while maintaining pheromone influence.
    Improvement: -0.46%
  Turn 23: P1 used innovation
    Summary: Introduced dynamic decay for pheromone and heuristic influences.
    Improvement: -5.31%
  Turn 24: P1 used innovation
    Summary: Introduced adaptive decay in pheromone influence for better exploration.
    Improvement: -1.27%
  Turn 25: P1 used learning
    Summary: Introduced combined adaptive decay and enhanced pheromone weighting.
    Improvement: 0.00%
  Turn 26: P1 used counter
    Summary: Enhanced dynamic weights for pheromone and heuristic based on iterations.
    Improvement: -5.73%
  Turn 27: P1 used learning
    Summary: Enhanced probabilities with decay factor and dynamic scaling for better optimization.
    Improvement: 0.00%
  Turn 28: P1 used learning
    Summary: Enhanced balancing of pheromone decay and heuristic strength for improved exploration.
    Improvement: 0.00%
  Turn 29: P1 used learning
    Summary: Enhanced pheromone decay and adaptive scaling improve transition weights.
    Improvement: -1.89%
  Turn 30: P2 used innovation
    Summary: Implemented a sigmoid-based adjustment for pheromone and heuristic influences.
    Improvement: -6.77%
[BASELINE] Checking F2 results...
[BASELINE] No improvement
  Current baseline: 91.918139
  Best achieved: 91.918139
[SAVE] Saved best implementation for F2
[REVERT] Reverted F2 to previous best

==================== OUTER ITERATION 8/20 ====================
[UCB] Selected: F3

[STRATEGY] Running 10 iterations on F3
  Current baseline: 91.918139
  Turn 21: P1 used learning
    Summary: Enhanced pheromone update with stronger deposit on low-cost solutions and strategic decay.
    Improvement: -3.58%
  Turn 22: P1 used learning
    Summary: Dynamic decay and improved deposit strategy yield better pheromone updates.
    Improvement: -0.42%
  Turn 23: P1 used counter
    Summary: Enhanced pheromone deposition factor and dynamic decay for improved route exploration.
    Improvement: -1.41%
  Turn 24: P1 used learning
    Summary: Introduced dynamic decay with an enhanced deposit strategy for pheromone updates.
    Improvement: 0.24%
  Turn 25: P1 used learning
    Summary: Dynamic decay with stronger deposits, particularly for depot transitions.
    Improvement: -0.23%
  Turn 26: P1 used learning
    Summary: Improved pheromone update with dynamic decay and stronger deposit scaling.
    Improvement: -3.53%
  Turn 27: P1 used learning
    Summary: Enhanced pheromone update with adaptive decay and stronger depot transitions.
    Improvement: -2.46%
  Turn 28: P1 used counter
    Summary: Scaled pheromone deposit by route length for better exploration and adaptability.
    Improvement: -1.69%
  Turn 29: P1 used counter
    Summary: Implemented adaptive decay and enhanced deposit strategy for exploring routes.
    Improvement: -2.44%
  Turn 30: P2 used counter
    Summary: Implemented capped deposit strategy to balance pheromone reinforcement.
    Improvement: -1.26%
[BASELINE] Checking F3 results...
[BASELINE] Found improvement!
  Previous: 91.918139
  New: 91.695404
  Improvement: 0.24%
[SAVE] Saved best implementation for F3
[BASELINE] Propagating update to all trees...
[BASELINE] All trees updated

==================== OUTER ITERATION 9/20 ====================
[UCB] Selected: F3

[STRATEGY] Running 10 iterations on F3
  Current baseline: 91.695404
  Turn 31: P1 used innovation
    Summary: Implemented adaptive pheromone deposition and stronger transitions.
    Improvement: -3.78%
  Turn 32: P1 used innovation
    Summary: Implemented logarithmic pheromone deposit strategy with enhanced decay.
    Improvement: -0.97%
  Turn 33: P2 used innovation
    Summary: Hybrid deposit strategy with aggressive updates and normalization.
    Improvement: -32.41%
  Turn 34: P1 used innovation
    Summary: Dynamic deposit based on iteration improves exploration with enhanced focusing.
    Improvement: -0.66%
  Turn 35: P1 used innovation
    Summary: Introduced adaptive decay for pheromone update and adjusted deposit strategy.
    Improvement: -2.93%
  Turn 36: P1 used innovation
    Summary: Utilized a nonlinear deposit scaling factor to enhance pheromone update.
    Improvement: -0.66%
  Turn 37: P1 used counter
    Summary: Dynamic decay and enhanced deposit strategy for better pheromone updates.
    Improvement: -3.26%
  Turn 38: P2 used innovation
    Summary: Employing a dynamic decay and robust deposit strategy for enhanced solution convergence.
    Improvement: -3.39%
  Turn 39: P2 used learning
    Summary: Enhanced pheromone update strategy with adaptive deposits and decay.
    Improvement: -2.52%
  Turn 40: P2 used learning
    Summary: Updated pheromone strategy combines enhanced deposits with normalization.
    Improvement: 0.00%
[BASELINE] Checking F3 results...
[BASELINE] No improvement
  Current baseline: 91.695404
  Best achieved: 91.695404
[SAVE] Saved best implementation for F3
[REVERT] Reverted F3 to previous best

==================== OUTER ITERATION 10/20 ====================
[UCB] Selected: F1

[STRATEGY] Running 10 iterations on F1
  Current baseline: 91.695404
[EVAL WARNING] problems/cvrp_aco/F1.py:4: RuntimeWarning: divide by zero encountered in divide
  heuristic = (capacity / demands[:, np.newaxis]) * (1.0 / (distances + 1e-6))
  Turn 21: P1 used learning
    Summary: Enhanced heuristic incorporates spatial structure and depot proximity.
    Improvement: -4.12%
  Turn 22: P1 used learning
    Summary: Refined heuristic combining distance and demand for optimized route scoring.
    Improvement: -33.80%
  Turn 23: P1 used counter
    Summary: Improved heuristic by combining demand, distance, and depot proximity.
    Improvement: -8.89%
  Turn 24: P1 used learning
    Summary: Enhanced heuristic balancing distance with demand and capacity constraints.
    Improvement: -8.26%
  Turn 25: P1 used learning
    Summary: Enhanced heuristic considers both distances and demand weighted by capacity.
    Improvement: -7.02%
  Turn 26: P1 used innovation
    Summary: Implemented heuristic balancing demand and distance for optimized routing.
    Improvement: -137.75%
[EVAL WARNING] problems/cvrp_aco/F1.py:4: RuntimeWarning: divide by zero encountered in divide
  demand_weight = np.clip(capacity / demands, 0, 1)
  Turn 27: P1 used learning
    Summary: Enhanced initialization heuristic for improved routing efficiency.
    Improvement: -2.30%
  Turn 28: P1 used learning
    Summary: Enhanced heuristic combining demand-weighting and spatial distance.
    Improvement: -4.41%
  Turn 29: P1 used innovation
    Summary: Enhanced heuristic balances demand significantly with distance.
    Improvement: -9.76%
  Turn 30: P1 used innovation
    Summary: Introduced proximity and demand scaling to enhance route scoring.
    Improvement: -7.68%
[BASELINE] Checking F1 results...
[BASELINE] No improvement
  Current baseline: 91.695404
  Best achieved: 92.848185
[SAVE] Saved best implementation for F1
[REVERT] Reverted F1 to previous best

==================== OUTER ITERATION 11/20 ====================
[UCB] Selected: F2

[STRATEGY] Running 10 iterations on F2
  Current baseline: 91.695404
  Turn 31: P1 used counter
    Summary: Dynamic beta improves exploration while minimizing cost.
    Improvement: -1.60%
  Turn 32: P1 used innovation
    Summary: Dynamic heuristic adjustment to improve exploration-exploitation balance.
    Improvement: -2.21%
  Turn 33: P1 used learning
    Summary: Enhanced transition weights with decay and dynamic influence adjustments.
    Improvement: -0.18%
  Turn 34: P1 used innovation
    Summary: Enhanced dynamic balancing of pheromone and heuristic exploration.
    Improvement: -10.45%
  Turn 35: P1 used counter
    Summary: Dynamic decay and adjusted weights improve routing effectiveness.
    Improvement: -0.39%
  Turn 36: P2 used learning
    Summary: Enhanced dynamic balance and pheromone decay for improved exploration.
    Improvement: -0.49%
  Turn 37: P1 used learning
    Summary: Implemented adaptive weights with decay for better routing performance.
    Improvement: -0.49%
  Turn 38: P1 used innovation
    Summary: Dynamic scaling with logarithmic pheromone influence enhanced exploration.
    Improvement: -15.90%
  Turn 39: P1 used counter
    Summary: Optimized alpha and beta dynamics for better exploration efficiency.
    Improvement: -2.63%
  Turn 40: P2 used counter
    Summary: Improved adaptive weights for dynamic exploration and exploitation.
    Improvement: -3.22%
[BASELINE] Checking F2 results...
[BASELINE] No improvement
  Current baseline: 91.695404
  Best achieved: 91.857570
[SAVE] Saved best implementation for F2
[REVERT] Reverted F2 to previous best

==================== OUTER ITERATION 12/20 ====================
[UCB] Selected: F3

[STRATEGY] Running 10 iterations on F3
  Current baseline: 91.695404
  Turn 41: P1 used innovation
    Summary: Dynamic deposit factor based on relative performance enhances pheromone reinforcement.
    Improvement: -0.58%
  Turn 42: P2 used innovation
    Summary: Implemented a non-linear deposit strategy to enhance pheromone updates.
    Improvement: -3.23%
  Turn 43: P1 used counter
    Summary: Implemented adaptive decay and ensured minimal deposits for convergence.
    Improvement: -1.75%
  Turn 44: P2 used learning
    Summary: Enhanced pheromone strategy with dynamic decay and aggressive reinforcement.
    Improvement: 0.00%
  Turn 45: P2 used counter
    Summary: Improved pheromone deposition strategy to reward longer routes adaptively.
    Improvement: -3.73%
  Turn 46: P2 used learning
    Summary: Enhanced normalized deposits with dynamic decay for improved route exploration.
    Improvement: 0.00%
  Turn 47: P1 used counter
    Summary: Enhanced pheromone update with ranked deposit strategy for better solution focus.
    Improvement: -1.83%
  Turn 48: P2 used innovation
    Summary: Introduced inverse route length scaling for pheromone deposit.
    Improvement: -0.86%
  Turn 49: P2 used learning
    Summary: Enhanced pheromone update with dynamic decay and relative deposit strategy.
    Improvement: -7.29%
  Turn 50: P2 used innovation
    Summary: Introduced a controlled pheromone deposit strategy with adaptive decay.
    Improvement: -2.35%
[BASELINE] Checking F3 results...
[BASELINE] No improvement
  Current baseline: 91.695404
  Best achieved: 91.695404
[SAVE] Saved best implementation for F3
[REVERT] Reverted F3 to previous best

==================== OUTER ITERATION 13/20 ====================
[UCB] Selected: F1

[STRATEGY] Running 10 iterations on F1
  Current baseline: 91.695404
  Turn 31: P1 used learning
    Summary: Enhanced demand-weighted heuristic with spatial scoring to improve route transitions.
    Improvement: -9.27%
  Turn 32: P1 used counter
    Summary: Enhanced heuristic to combine distance and demand more effectively.
    Improvement: -8.48%
  Turn 33: P1 used counter
    Summary: Implemented density-based heuristic balancing demand and distance.
    Improvement: -6.93%
  Turn 34: P1 used counter
    Summary: Enhanced heuristic by weighing distance with demand to improve route prioritization.
    Improvement: -7.02%
[EVAL WARNING] Traceback (most recent call last):
  File "problems/cvrp_aco/eval.py", line 110, in <module>
    main(mode)
    ~~~~^^^^^^
  File "problems/cvrp_aco/eval.py", line 102, in main
    costs = process_file(path, n_ants=N_ANTS, n_iter=N_ITERATIONS)
  File "problems/cvrp_aco/eval.py", line 72, in process_file
    results.append(eval_instance(node_positions[i], demands[i], CAPACITY, n_ants, n_iter, int(seeds[i])))
                   ~~~~~~~~~~~~~^^^^^^^^^^^^^^^^^^^^^^^^^^^^^^^^^^^^^^^^^^^^^^^^^^^^^^^^^^^^^^^^^^^^^^^^
  File "problems/cvrp_aco/eval.py", line 43, in eval_instance
    return run_cvrp_aco(dist_mat, demands, coords, capacity, n_ants, n_iter)
  File "problems/cvrp_aco/aco.py", line 95, in run_cvrp_aco
    heuristic, pheromone = initialize(distances.copy(), demands.copy(), coords.copy(), capacity)
                           ~~~~~~~~~~^^^^^^^^^^^^^^^^^^^^^^^^^^^^^^^^^^^^^^^^^^^^^^^^^^^^^^^^^^^
  File "problems/cvrp_aco/F1.py", line 6, in initialize
    heuristic = (1.0 / (distances + 1e-6)) * demand_factor * depot_to_customer
                ~~~~~~~~~~~~~~~~~~~~~~~~~~~~~~~~~~~~~~~~~~~^~~~~~~~~~~~~~~~~~~
ValueError: operands could not be broadcast together with shapes (51,51) (50,)
  Turn 35: P1 used counter
    Summary: Enhanced initialization heuristic combining distance, demand, and depot proximity.
    Improvement: 0.00%
  Turn 36: P2 used counter
    Summary: Enhanced heuristic improves spatial and demand considerations for optimal routes.
    Improvement: -1.03%
  Turn 37: P1 used innovation
    Summary: Enhanced heuristic combines distance, demand ratio, and spatial penalties.
    Improvement: -0.07%
[EVAL WARNING] Traceback (most recent call last):
  File "problems/cvrp_aco/eval.py", line 110, in <module>
    main(mode)
    ~~~~^^^^^^
  File "problems/cvrp_aco/eval.py", line 102, in main
    costs = process_file(path, n_ants=N_ANTS, n_iter=N_ITERATIONS)
  File "problems/cvrp_aco/eval.py", line 72, in process_file
    results.append(eval_instance(node_positions[i], demands[i], CAPACITY, n_ants, n_iter, int(seeds[i])))
                   ~~~~~~~~~~~~~^^^^^^^^^^^^^^^^^^^^^^^^^^^^^^^^^^^^^^^^^^^^^^^^^^^^^^^^^^^^^^^^^^^^^^^^
  File "problems/cvrp_aco/eval.py", line 43, in eval_instance
    return run_cvrp_aco(dist_mat, demands, coords, capacity, n_ants, n_iter)
  File "problems/cvrp_aco/aco.py", line 95, in run_cvrp_aco
    heuristic, pheromone = initialize(distances.copy(), demands.copy(), coords.copy(), capacity)
                           ~~~~~~~~~~^^^^^^^^^^^^^^^^^^^^^^^^^^^^^^^^^^^^^^^^^^^^^^^^^^^^^^^^^^^
  File "problems/cvrp_aco/F1.py", line 12, in initialize
    clustering_factor = 1 / max(1, sum((coords[j] - coords[k])**2 for k in range(1, n)))
                            ~~~^^^^^^^^^^^^^^^^^^^^^^^^^^^^^^^^^^^^^^^^^^^^^^^^^^^^^^^^^
ValueError: The truth value of an array with more than one element is ambiguous. Use a.any() or a.all()
  Turn 38: P2 used counter
    Summary: Enhanced heuristic with clustering effect and demand influence.
    Improvement: 0.00%
  Turn 39: P2 used learning
    Summary: Enhanced heuristic integrates demand scaling with spatial factors.
    Improvement: -4.00%
  Turn 40: P1 used counter
    Summary: Integrated cumulative demand factor for improved heuristic robustness.
    Improvement: -128.68%
[BASELINE] Checking F1 results...
[BASELINE] No improvement
  Current baseline: 91.695404
  Best achieved: 91.756332
[SAVE] Saved best implementation for F1
[REVERT] Reverted F1 to previous best

==================== OUTER ITERATION 14/20 ====================
[UCB] Selected: F2

[STRATEGY] Running 10 iterations on F2
  Current baseline: 91.695404
  Turn 41: P2 used counter
    Summary: Improved heuristic weight and variable decay for better exploration.
    Improvement: -1.55%
  Turn 42: P2 used innovation
    Summary: Implemented adaptive alpha and beta with decay for better routing optimization.
    Improvement: -1.70%
  Turn 43: P1 used counter
    Summary: Enhanced pheromone and heuristic balance with improved decay and scaling.
    Improvement: -1.19%
  Turn 44: P2 used learning
    Summary: Enhanced dynamic scaling with decay for better route cost optimization.
    Improvement: -2.16%
  Turn 45: P2 used learning
    Summary: Enhanced dynamic decay with iterative adjustments to alpha and beta.
    Improvement: -0.54%
  Turn 46: P2 used counter
    Summary: Dynamic balancing of pheromone and heuristic weights for improved routing.
    Improvement: -8.89%
  Turn 47: P2 used learning
    Summary: Adaptive decay and dynamic weight balancing for improved exploration.
    Improvement: -1.19%
  Turn 48: P2 used innovation
    Summary: Introduced logistic decay for dynamic alpha and beta weights.
    Improvement: -1.46%
  Turn 49: P1 used innovation
    Summary: Implemented a logarithmic adjustment for heuristic balance.
    Improvement: -24.70%
[EVAL WARNING] problems/cvrp_aco/F2.py:8: RuntimeWarning: invalid value encountered in divide
  return probabilities / np.sum(probabilities)
Traceback (most recent call last):
  File "problems/cvrp_aco/eval.py", line 110, in <module>
    main(mode)
    ~~~~^^^^^^
  File "problems/cvrp_aco/eval.py", line 102, in main
    costs = process_file(path, n_ants=N_ANTS, n_iter=N_ITERATIONS)
  File "problems/cvrp_aco/eval.py", line 72, in process_file
    results.append(eval_instance(node_positions[i], demands[i], CAPACITY, n_ants, n_iter, int(seeds[i])))
                   ~~~~~~~~~~~~~^^^^^^^^^^^^^^^^^^^^^^^^^^^^^^^^^^^^^^^^^^^^^^^^^^^^^^^^^^^^^^^^^^^^^^^^
  File "problems/cvrp_aco/eval.py", line 43, in eval_instance
    return run_cvrp_aco(dist_mat, demands, coords, capacity, n_ants, n_iter)
  File "problems/cvrp_aco/aco.py", line 115, in run_cvrp_aco
    solutions = construct_solutions(
        distances, demands, heuristic, pheromone, capacity, n_ants, iteration, n_iterations
    )
  File "problems/cvrp_aco/aco.py", line 55, in construct_solutions
    next_node = np.random.choice(feasible_indices, p=normalized_probs)
  File "numpy/random/mtrand.pyx", line 971, in numpy.random.mtrand.RandomState.choice
ValueError: probabilities contain NaN
  Turn 50: P2 used innovation
    Summary: Enhanced dynamic adjustments with logarithmic scaling for better exploration.
    Improvement: 0.00%
[BASELINE] Checking F2 results...
[BASELINE] No improvement
  Current baseline: 91.695404
  Best achieved: 91.857570
[SAVE] Saved best implementation for F2
[REVERT] Reverted F2 to previous best

==================== OUTER ITERATION 15/20 ====================
[UCB] Selected: F3

[STRATEGY] Running 10 iterations on F3
  Current baseline: 91.695404
  Turn 51: P1 used innovation
    Summary: Hybrid pheromone update with enhanced deposits for routes and depot transitions.
    Improvement: -2.40%
  Turn 52: P2 used learning
    Summary: Enhanced dynamic decay and pheromone deposition for better exploration.
    Improvement: 0.00%
  Turn 53: P2 used innovation
    Summary: Enhanced pheromone updates with a hybrid approach to improve exploration.
    Improvement: -11.28%
[EVAL WARNING] Traceback (most recent call last):
  File "problems/cvrp_aco/eval.py", line 110, in <module>
    main(mode)
    ~~~~^^^^^^
  File "problems/cvrp_aco/eval.py", line 102, in main
    costs = process_file(path, n_ants=N_ANTS, n_iter=N_ITERATIONS)
  File "problems/cvrp_aco/eval.py", line 72, in process_file
    results.append(eval_instance(node_positions[i], demands[i], CAPACITY, n_ants, n_iter, int(seeds[i])))
                   ~~~~~~~~~~~~~^^^^^^^^^^^^^^^^^^^^^^^^^^^^^^^^^^^^^^^^^^^^^^^^^^^^^^^^^^^^^^^^^^^^^^^^
  File "problems/cvrp_aco/eval.py", line 43, in eval_instance
    return run_cvrp_aco(dist_mat, demands, coords, capacity, n_ants, n_iter)
  File "problems/cvrp_aco/aco.py", line 131, in run_cvrp_aco
    pheromone = update_pheromone(pheromone, solutions, costs.tolist(), iteration, n_iterations)
  File "problems/cvrp_aco/F3.py", line 8, in update_pheromone
    deposit_factor = (best_cost / costs) ** 1.5
                      ~~~~~~~~~~^~~~~~~
TypeError: unsupported operand type(s) for /: 'float' and 'list'
  Turn 54: P2 used learning
    Summary: Combined dynamic decay with relative deposit strategy for better pheromone updates.
    Improvement: 0.00%
  Turn 55: P2 used counter
    Summary: Enhanced pheromone deposition and more aggressive decay strategy.
    Improvement: -0.66%
  Turn 56: P2 used learning
    Summary: Enhanced pheromone updates with adaptive decomposition for better route exploration.
    Improvement: -2.06%
  Turn 57: P2 used counter
    Summary: Improved decay and weighted deposit based on relative costs.
    Improvement: -0.58%
  Turn 58: P2 used innovation
    Summary: Implemented mixed strategy decay and deposit for improved pheromone update.
    Improvement: -31.59%
  Turn 59: P2 used innovation
    Summary: Implemented tiered deposit strategy based on route length.
    Improvement: -4.95%
  Turn 60: P2 used counter
    Summary: Introduced length-scaled pheromone deposits to enhance route exploration.
    Improvement: -1.45%
[BASELINE] Checking F3 results...
[BASELINE] No improvement
  Current baseline: 91.695404
  Best achieved: 91.695404
[SAVE] Saved best implementation for F3
[REVERT] Reverted F3 to previous best

==================== OUTER ITERATION 16/20 ====================
[UCB] Selected: F2

[STRATEGY] Running 10 iterations on F2
  Current baseline: 91.695404
  Turn 51: P2 used innovation
    Summary: Adopted nonlinear heuristic scaling for improved dynamic adjustment.
    Improvement: -1.21%
  Turn 52: P2 used learning
    Summary: Enhanced dynamic balance with adaptive decay for improved exploration.
    Improvement: -1.70%
  Turn 53: P2 used counter
    Summary: Enhanced balance between exploration and exploitation with dynamic decay factor.
    Improvement: -3.98%
  Turn 54: P2 used counter
    Summary: Enhanced adaptive scaling for pheromone and heuristic influences.
    Improvement: -3.29%
  Turn 55: P2 used counter
    Summary: Enhanced dynamic balance for pheromone and heuristic to optimize exploration.
    Improvement: -1.25%
  Turn 56: P2 used counter
    Summary: Enhanced adaptive decay and scaling for better exploration and exploitation.
    Improvement: -3.49%
  Turn 57: P2 used counter
    Summary: Enhanced variable decay for improved exploration and adaptability.
    Improvement: -1.72%
  Turn 58: P2 used counter
    Summary: Enhanced adaptive weights for exploration and exploitation optimization.
    Improvement: -2.44%
  Turn 59: P2 used learning
    Summary: Enhanced dynamic weights and decay factor improve exploration and cost.
    Improvement: -1.19%
  Turn 60: P2 used counter
    Summary: Enhanced alpha sensitivity and adjusted decay factor for better exploration.
    Improvement: -3.19%
[BASELINE] Checking F2 results...
[BASELINE] No improvement
  Current baseline: 91.695404
  Best achieved: 91.857570
[SAVE] Saved best implementation for F2
[REVERT] Reverted F2 to previous best

==================== OUTER ITERATION 17/20 ====================
[UCB] Selected: F3

[STRATEGY] Running 10 iterations on F3
  Current baseline: 91.695404
  Turn 61: P2 used innovation
    Summary: Improved deposit strategy with increased influence for better routes.
    Improvement: -1.30%
  Turn 62: P2 used counter
    Summary: Enhanced deposit strategy with weighted cost consideration and increased decay.
    Improvement: -1.65%
  Turn 63: P2 used learning
    Summary: Enhanced pheromone update with dynamic decay and adjusted deposit strategy.
    Improvement: -1.51%
[EVAL WARNING] Traceback (most recent call last):
  File "problems/cvrp_aco/eval.py", line 110, in <module>
    main(mode)
    ~~~~^^^^^^
  File "problems/cvrp_aco/eval.py", line 102, in main
    costs = process_file(path, n_ants=N_ANTS, n_iter=N_ITERATIONS)
  File "problems/cvrp_aco/eval.py", line 72, in process_file
    results.append(eval_instance(node_positions[i], demands[i], CAPACITY, n_ants, n_iter, int(seeds[i])))
                   ~~~~~~~~~~~~~^^^^^^^^^^^^^^^^^^^^^^^^^^^^^^^^^^^^^^^^^^^^^^^^^^^^^^^^^^^^^^^^^^^^^^^^
  File "problems/cvrp_aco/eval.py", line 43, in eval_instance
    return run_cvrp_aco(dist_mat, demands, coords, capacity, n_ants, n_iter)
  File "problems/cvrp_aco/aco.py", line 131, in run_cvrp_aco
    pheromone = update_pheromone(pheromone, solutions, costs.tolist(), iteration, n_iterations)
  File "problems/cvrp_aco/F3.py", line 7, in update_pheromone
    total_deposit = np.sum(1.0 / costs)
                           ~~~~^~~~~~~
TypeError: unsupported operand type(s) for /: 'float' and 'list'
  Turn 64: P2 used learning
    Summary: Improved pheromone update via combined deposit and decay strategies.
    Improvement: 0.00%
  Turn 65: P2 used learning
    Summary: Improved deposit strategy with dynamic decay for optimized pheromone update.
    Improvement: 0.00%
  Turn 66: P2 used counter
    Summary: Enhanced pheromone deposit using a logarithmic strategy for adaptive reinforcement.
    Improvement: -1.86%
  Turn 67: P2 used innovation
    Summary: Implemented a tiered deposit strategy with reduced decay for improved routes.
    Improvement: -0.24%
  Turn 68: P2 used counter
    Summary: Incorporated route length scaling into pheromone deposition.
    Improvement: -0.28%
  Turn 69: P2 used counter
    Summary: Modified deposit strategy for improved pheromone reinforcement.
    Improvement: -2.14%
  Turn 70: P2 used innovation
    Summary: Adjusted decay factor and normalized deposit based on total route costs.
    Improvement: -29.68%
[BASELINE] Checking F3 results...
[BASELINE] No improvement
  Current baseline: 91.695404
  Best achieved: 91.695404
[SAVE] Saved best implementation for F3
[REVERT] Reverted F3 to previous best

==================== OUTER ITERATION 18/20 ====================
[UCB] Selected: F1

[STRATEGY] Running 10 iterations on F1
  Current baseline: 91.695404
  Turn 41: P2 used innovation
    Summary: Enhanced heuristic uses load factors with distances for better route efficiency.
    Improvement: -1.03%
  Turn 42: P1 used innovation
    Summary: Introduced a new heuristic considering distance and demand dynamics.
    Improvement: -2.39%
  Turn 43: P2 used innovation
    Summary: Combined distance, demand, and depot proximity for scoring.
    Improvement: -2.90%
  Turn 44: P1 used counter
    Summary: Enhanced scoring function with log demand adjustment for better route prioritization.
    Improvement: -0.07%
  Turn 45: P2 used innovation
    Summary: Developed a new heuristic combining distance, proximity, and demand pressure.
    Improvement: -134.00%
  Turn 46: P2 used counter
    Summary: Improved heuristic by incorporating depot proximity and route flexibility.
    Improvement: -2.07%
  Turn 47: P2 used innovation
    Summary: Implemented a diversified demand-weighted heuristic with distance inversion.
    Improvement: -0.06%
[EVAL WARNING] Traceback (most recent call last):
  File "problems/cvrp_aco/eval.py", line 110, in <module>
    main(mode)
    ~~~~^^^^^^
  File "problems/cvrp_aco/eval.py", line 102, in main
    costs = process_file(path, n_ants=N_ANTS, n_iter=N_ITERATIONS)
  File "problems/cvrp_aco/eval.py", line 72, in process_file
    results.append(eval_instance(node_positions[i], demands[i], CAPACITY, n_ants, n_iter, int(seeds[i])))
                   ~~~~~~~~~~~~~^^^^^^^^^^^^^^^^^^^^^^^^^^^^^^^^^^^^^^^^^^^^^^^^^^^^^^^^^^^^^^^^^^^^^^^^
  File "problems/cvrp_aco/eval.py", line 43, in eval_instance
    return run_cvrp_aco(dist_mat, demands, coords, capacity, n_ants, n_iter)
  File "problems/cvrp_aco/aco.py", line 95, in run_cvrp_aco
    heuristic, pheromone = initialize(distances.copy(), demands.copy(), coords.copy(), capacity)
                           ~~~~~~~~~~^^^^^^^^^^^^^^^^^^^^^^^^^^^^^^^^^^^^^^^^^^^^^^^^^^^^^^^^^^^
  File "problems/cvrp_aco/F1.py", line 10, in initialize
    load_factor = (capacity - np.sum(demands[np.arange(1, n) != j])) / capacity
                                     ~~~~~~~^^^^^^^^^^^^^^^^^^^^^^
IndexError: boolean index did not match indexed array along dimension 0; dimension is 51 but corresponding boolean dimension is 50
  Turn 48: P2 used counter
    Summary: Improved load factor and proximity scaling for better route scoring.
    Improvement: 0.00%
  Turn 49: P2 used counter
    Summary: Enhanced scoring combines demand, distance, and proximity more effectively.
    Improvement: -3.21%
  Turn 50: P2 used innovation
    Summary: Implemented a new heuristic integrating demand ratios and spatial proximity.
    Improvement: -5.54%
[BASELINE] Checking F1 results...
[BASELINE] No improvement
  Current baseline: 91.695404
  Best achieved: 91.753621
[SAVE] Saved best implementation for F1
[REVERT] Reverted F1 to previous best

==================== OUTER ITERATION 19/20 ====================
[UCB] Selected: F2

[STRATEGY] Running 10 iterations on F2
  Current baseline: 91.695404
  Turn 61: P2 used innovation
    Summary: Introduced exponential decay and adjusted heuristic scaling for better exploration.
    Improvement: -1.33%
  Turn 62: P2 used learning
    Summary: Improved pheromone and heuristic balance with dynamic decay rates.
    Improvement: -20.28%
  Turn 63: P2 used counter
    Summary: Enhanced decay and dynamic weights for better route cost optimization.
    Improvement: -6.08%
  Turn 64: P2 used counter
    Summary: Dynamic beta adjustment improves exploration and reduces cost.
    Improvement: -2.21%
  Turn 65: P2 used counter
    Summary: Strengthened dynamic exploration via enhanced pheromone and heuristic balance.
    Improvement: -3.42%
  Turn 66: P2 used learning
    Summary: Introduced dynamic scaling and decay factor for enhanced exploration.
    Improvement: -1.71%
  Turn 67: P2 used innovation
    Summary: Introduced decay factor for adaptive pheromone and heuristic weights.
    Improvement: -2.83%
  Turn 68: P2 used counter
    Summary: Enhanced pheromone decay and adaptation for improved routing solutions.
    Improvement: -1.74%
  Turn 69: P2 used innovation
    Summary: Enhanced dynamic adjustments and perturbation for improved routing efficiency.
    Improvement: -1.75%
  Turn 70: P2 used innovation
    Summary: Dynamic balance of exploration and exploitation in transition weights.
    Improvement: -4.98%
[BASELINE] Checking F2 results...
[BASELINE] No improvement
  Current baseline: 91.695404
  Best achieved: 91.857570
[SAVE] Saved best implementation for F2
[REVERT] Reverted F2 to previous best

==================== OUTER ITERATION 20/20 ====================
[UCB] Selected: F3

[STRATEGY] Running 10 iterations on F3
  Current baseline: 91.695404
  Turn 71: P2 used learning
    Summary: Combined decay with enhanced depot transition deposits for better route exploration.
    Improvement: 0.00%
  Turn 72: P2 used innovation
    Summary: Hybrid pheromone update strategy with enhanced decay and deposit calculation.
    Improvement: -31.92%
  Turn 73: P2 used innovation
    Summary: Implemented dual-layer pheromone update with aggressive decay and deposit variations.
    Improvement: -1.56%
  Turn 74: P2 used innovation
    Summary: Enhanced decay factor and weighted deposit strategy for increased pheromone effectiveness.
    Improvement: -3.92%
  Turn 75: P2 used counter
    Summary: Improved pheromone update with aggressive decay and deposit logic.
    Improvement: 0.77%
  Turn 76: P2 used innovation
    Summary: Implemented a two-tiered pheromone update strategy with competitive reinforcement.
    Improvement: -3.78%
  Turn 77: P2 used learning
    Summary: Dynamic deposit strategy combined with strong decay for improved pheromone updates.
    Improvement: 0.00%
  Turn 78: P2 used counter
    Summary: Used average cost for uniform deposit and stable decay to enhance pheromone updates.
    Improvement: -2.59%
  Turn 79: P2 used learning
    Summary: Enhanced pheromone update with dynamic decay and optimized deposit strategy.
    Improvement: 0.00%
  Turn 80: P2 used counter
    Summary: Incorporated variable deposits based on route length for enhanced exploration.
    Improvement: -5.29%
[BASELINE] Checking F3 results...
[BASELINE] Found improvement!
  Previous: 91.695404
  New: 90.988227
  Improvement: 0.77%
[SAVE] Saved best implementation for F3
[BASELINE] Propagating update to all trees...
[BASELINE] All trees updated

==================================================
COMPETITIVE STATUS
==================================================
F1:
  P1: 91.756332 (improvement: -0.84%)
  P2: 91.753621 (improvement: -0.84%)
  Winner: P2 with cost 91.753621
  Turns: 50

F2:
  P1: 91.857570 (improvement: -0.96%)
  P2: 92.148522 (improvement: -1.28%)
  Winner: P1 with cost 91.857570
  Turns: 70

F3:
  P1: 91.695404 (improvement: -0.78%)
  P2: 90.988227 (improvement: 0.00%)
  Winner: P2 with cost 90.988227
  Turns: 80

Current baseline: 90.988227
==================================================

==================================================
ROUND 1 COMPLETED
==================================================
Initial baseline: 93.436363
Final baseline: 90.988227
Total improvement: 2.62%

==================================================
COMPETITIVE STATUS
==================================================
F1:
  P1: 91.756332 (improvement: -0.84%)
  P2: 91.753621 (improvement: -0.84%)
  Winner: P2 with cost 91.753621
  Turns: 50

F2:
  P1: 91.857570 (improvement: -0.96%)
  P2: 92.148522 (improvement: -1.28%)
  Winner: P1 with cost 91.857570
  Turns: 70

F3:
  P1: 91.695404 (improvement: -0.78%)
  P2: 90.988227 (improvement: 0.00%)
  Winner: P2 with cost 90.988227
  Turns: 80

Current baseline: 90.988227
==================================================

Saving all best implementations...
  Saved F1
  Saved F2
  Saved F3
All implementations saved

Round 1 completed!
Round 1 Results Summary:
  Initial baseline: 93.436363
  Round 1 baseline: 90.988227
  Round 1 improvement: 2.62%
  Strategy winners:
    F1: P2 wins with cost 91.753621
    F2: P1 wins with cost 91.857570
    F3: P2 wins with cost 90.988227

Saving Round 1 strategies to results...
  Saved F1 to 20260730_112051_cvrp_aco_F1_round1_best.py
  Saved F2 to 20260730_112051_cvrp_aco_F2_round1_best.py
  Saved F3 to 20260730_112051_cvrp_aco_F3_round1_best.py
Saved 3 Round 1 strategy files

============================================================
PHASE 2: FINAL ROUND - SEQUENTIAL OPTIMIZATION
============================================================

============================================================
STARTING FINAL ROUND: SEQUENTIAL OPTIMIZATION
============================================================
Goal: System-aware strategy refinement
Two players compete per strategy with fixed baseline
Strategies optimized sequentially with baseline updates

==================================================
Final Round: Optimizing F1
==================================================
  Strategy baseline: 90.988227
  Turn 1: P1 - Enhanced heuristic calculations to improve route selection.
    Cost: 92.220920, Improvement: -1.35% (BELOW)
  Turn 2: P2 - Enhanced F1 heuristics by refining capacity factor and diversity penalties.
    Cost: 92.424364, Improvement: -1.58% (BELOW)
  Turn 3: P1 - Enhanced heuristic calculations for better optimization.
    Cost: 92.174569, Improvement: -1.30% (BELOW)
  Turn 4: P2 - Adjusted heuristics for better routing efficiency.
    Cost: 93.867611, Improvement: -3.16% (BELOW)
  Turn 5: P1 - Enhanced heuristic with modified capacity and diversity factors for better exploration.
    Cost: 93.261450, Improvement: -2.50% (BELOW)
  Turn 6: P2 - Enhanced capacity factor and exploratory factor to improve heuristic.
    Cost: 92.676276, Improvement: -1.86% (BELOW)
  Turn 7: P1 - Enhanced heuristic in F1 to balance exploration and exploitation.
    Cost: 92.694001, Improvement: -1.87% (BELOW)
  Turn 8: P2 - Enhanced capacity and exploratory factors for improved heuristic calculations.
    Cost: 92.174569, Improvement: -1.30% (BELOW)
  Turn 9: P1 - Enhanced heuristic by modifying capacity factor and adding exploratory influence.
    Cost: 92.174569, Improvement: -1.30% (BELOW)
  Turn 10: P2 - Enhanced heuristic calculations for improved exploration.
    Cost: 93.700394, Improvement: -2.98% (BELOW)

  F1 Results:
    P1 best: 92.174569
    P2 best: 92.174569
    Winner: P1
    No improvement to global baseline

==================================================
Final Round: Optimizing F2
==================================================
  Strategy baseline: 90.988227
  Turn 1: P1 - Enhanced alpha, beta, and decay factor for better pheromone influence.
    Cost: 92.638833, Improvement: -1.81% (BELOW)
  Turn 2: P2 - Adjusted parameters for better pheromone retention and heuristic weighting.
    Cost: 92.873566, Improvement: -2.07% (BELOW)
  Turn 3: P1 - Enhanced hyperparameters for better probability computation.
    Cost: 92.638833, Improvement: -1.81% (BELOW)
  Turn 4: P2 - Adjusted alpha, beta, and decay factor for better performance.
    Cost: 92.873566, Improvement: -2.07% (BELOW)
  Turn 5: P1 - Enhanced hyperparameters in F2 for better performance.
    Cost: 92.638833, Improvement: -1.81% (BELOW)
  Turn 6: P2 - Enhanced hyperparameters for better balance and tighter decay factor.
    Cost: 92.873566, Improvement: -2.07% (BELOW)
  Turn 7: P1 - Enhanced hyperparameters for improved probability computation.
    Cost: 92.638833, Improvement: -1.81% (BELOW)
  Turn 8: P2 - Enhanced parameter tuning for better performance.
    Cost: 93.985198, Improvement: -3.29% (BELOW)
  Turn 9: P1 - Enhanced hyperparameters for better probability distribution.
    Cost: 92.638833, Improvement: -1.81% (BELOW)
  Turn 10: P2 - Enhanced parameters for alpha, beta, and decay_factor to improve performance.
    Cost: 93.985198, Improvement: -3.29% (BELOW)

  F2 Results:
    P1 best: 92.638833
    P2 best: 92.873566
    Winner: P1
    No improvement to global baseline

==================================================
Final Round: Optimizing F3
==================================================
  Strategy baseline: 90.988227
  Turn 1: P1 - Enhanced pheromone update strategy for better exploration and synergy.
    Cost: 91.681713, Improvement: -0.76% (BELOW)
  Turn 2: P2 - Increased decay rate, improved deposit formula using cost logarithm.
    Cost: 92.278075, Improvement: -1.42% (BELOW)
  Turn 3: P1 - Adjusted decay and deposit formulas for pheromone updates in F3.
    Cost: 91.670298, Improvement: -0.75% (BELOW)
  Turn 4: P2 - Increased decay to 0.9 and adjusted deposit formula for better exploration.
    Cost: 90.892653, Improvement: 0.11% (BEAT)
  Turn 5: P1 - Increased decay and refined deposit strategy for better pheromone updates.
    Cost: 92.101064, Improvement: -1.22% (BELOW)
  Turn 6: P2 - Adjusted decay to 0.82 and refined deposit formula for better pheromone updates.
    Cost: 92.257236, Improvement: -1.39% (BELOW)
  Turn 7: P1 - Adjusted decay factor and deposit formula to enhance pheromone updates.
    Cost: 91.681145, Improvement: -0.76% (BELOW)
  Turn 8: P2 - Tweaked decay to 0.85 and refined deposit formula for sensitivity.
    Cost: 92.666860, Improvement: -1.84% (BELOW)
  Turn 9: P1 - Increased pheromone decay to 0.95 and adjusted deposit strategy for better optimization.
    Cost: 92.689136, Improvement: -1.87% (BELOW)
  Turn 10: P2 - Enhanced exploration with refined deposit strategy for pheromone update.
    Cost: 91.833512, Improvement: -0.93% (BELOW)

  F3 Results:
    P1 best: 91.670298
    P2 best: 90.892653
    Winner: P2
    Global baseline updated: 90.988227 -> 90.892653 (0.11%)

============================================================
FINAL ROUND COMPLETED
============================================================
Initial cost: 90.988227
Final cost: 90.892653
Total improvement: 0.11%

Strategy Winners:
  F1: P1 with 92.174569
  F2: P1 with 92.638833
  F3: P2 with 90.892653
Best combination saved to files

Saving Final Round strategies to results...
  Saved F1 to 20260730_112051_cvrp_aco_F1_final_best.py
  Saved F2 to 20260730_112051_cvrp_aco_F2_final_best.py
  Saved F3 to 20260730_112051_cvrp_aco_F3_final_best.py
Saved 3 Final Round strategy files

============================================================
TWO-PHASE OPTIMIZATION COMPLETED
============================================================
Phase Summary:
  Round 1: 2.62% improvement
  Final Round: 0.11% total improvement
  Results saved to: results
  Log files:
    Round 1: results/20260730_112051_cvrp_aco_round_1.json
    Final Round: results/20260730_112051_cvrp_aco_round_2.json

Optimization completed successfully!
