Starting Two-Phase Competitive Optimization
Problem: TSP using ACO
Round 1: MCTS optimization (individual strategies)
Final Round: Sequential optimization (system-aware)
Two AI players compete in both phases

Logging enabled:
  Round 1: results/20260729_160823_tsp_aco_round_1.json
  Final Round: results/20260729_160823_tsp_aco_round_2.json

============================================================
PHASE 1: ROUND 1 - MCTS OPTIMIZATION
============================================================
[BASELINE] Evaluating initial implementation...
[BASELINE] Initial cost: 32.646054996155506

==================================================
INITIALIZING COMPETITIVE STRATEGY TREES
==================================================
  Initialized tree for F1 (initialize)
  Initialized tree for F2 (compute_probabilities)
  Initialized tree for F3 (update_pheromone)
==================================================

Initialized Controller with dynamic baseline

==================================================
STARTING ROUND 1: MCTS OPTIMIZATION
Initial baseline: 32.646054996155506
Outer iterations: 20
==================================================

==================== OUTER ITERATION 1/20 ====================
[UCB] Selected: F1

[STRATEGY] Running 10 iterations on F1
  Current baseline: 32.646055
  Turn 1: P1 used innovation
    Summary: Enhanced heuristic combining inverse distance and normalization.
    Improvement: 4.65%
  Turn 2: P1 used counter
    Summary: Enhanced initialization using a decay factor and local density consideration.
    Improvement: -19.93%
  Turn 3: P1 used learning
    Summary: Enhanced heuristics using distance norms for better edge selection.
    Improvement: 0.00%
  Turn 4: P2 used counter
    Summary: Improved heuristic combining inverse distance with a scaling function.
    Improvement: -2.73%
  Turn 5: P2 used innovation
    Summary: Introduced a quadratic adjustment to the heuristic for better path selection.
    Improvement: -298.69%
  Turn 6: P2 used innovation
    Summary: Enhanced heuristic using mean distance scaling for better edge selection.
    Improvement: 8.09%
  Turn 7: P2 used learning
    Summary: Improved heuristic by normalizing distance and enhancing stability.
    Improvement: 2.95%
  Turn 8: P2 used counter
    Summary: Introduced edge density factor for improved heuristic initialization.
    Improvement: 0.00%
  Turn 9: P1 used counter
    Summary: Improved initialization using median for stability and randomized pheromone levels.
    Improvement: 8.42%
  Turn 10: P1 used learning
    Summary: Enhanced initialization using mean distance and stability factors.
    Improvement: 8.87%
[BASELINE] Checking F1 results...
[BASELINE] Found improvement!
  Previous: 32.646055
  New: 29.749801
  Improvement: 8.87%
[SAVE] Saved best implementation for F1
[BASELINE] Propagating update to all trees...
[BASELINE] All trees updated

==================== OUTER ITERATION 2/20 ====================
[UCB] Selected: F2

[STRATEGY] Running 10 iterations on F2
  Current baseline: 29.749801
[EVAL WARNING] problems/tsp_aco/F2.py:11: RuntimeWarning: invalid value encountered in power
  transition_weights = np.power(pheromone, alpha) * np.power(heuristic, beta)
  Turn 1: P1 used learning
    Summary: Implemented dynamic scaling for pheromone and heuristic influences.
    Improvement: -76.40%
[EVAL WARNING] problems/tsp_aco/F2.py:11: RuntimeWarning: invalid value encountered in power
  weights = np.power(pheromone, alpha) * np.power(heuristic, beta)
  Turn 2: P1 used counter
    Summary: Adjusted pheromone and heuristic influences dynamically.
    Improvement: -32.87%
[EVAL WARNING] Traceback (most recent call last):
  File "problems/tsp_aco/eval.py", line 5, in <module>
    from aco import run_tsp_aco
  File "problems/tsp_aco/aco.py", line 3, in <module>
    from F2 import compute_probabilities
  File "problems/tsp_aco/F2.py", line 3
    def compute_probabilities(
IndentationError: unexpected indent
  Turn 3: P1 used innovation
    Summary: Dynamic weighting for pheromone and heuristic influences during iterations.
    Improvement: 0.00%
[EVAL WARNING] problems/tsp_aco/F2.py:11: RuntimeWarning: invalid value encountered in power
  transition_weights = np.power(pheromone, alpha) * np.power(heuristic, beta)
  Turn 4: P2 used learning
    Summary: Dynamically adjusted influences for better exploration and exploitation.
    Improvement: -21.05%
[EVAL WARNING] problems/tsp_aco/F2.py:12: RuntimeWarning: invalid value encountered in power
  weights = np.power(pheromone, alpha) * np.power(heuristic, beta)
  Turn 5: P2 used learning
    Summary: Dynamic scaling of pheromone and heuristic based on iteration improved performance.
    Improvement: -171.34%
[EVAL WARNING] problems/tsp_aco/F2.py:11: RuntimeWarning: invalid value encountered in power
  return np.power(pheromone, alpha) * np.power(heuristic, beta)
  Turn 6: P2 used learning
    Summary: Dynamic weighting of pheromone and heuristic influences improved transition weights.
    Improvement: -247.07%
[EVAL WARNING] problems/tsp_aco/F2.py:11: RuntimeWarning: invalid value encountered in power
  transition_weights = np.power(pheromone, alpha) * np.power(heuristic, beta)
  Turn 7: P2 used counter
    Summary: Introduced dynamic scaling for pheromone and heuristic influences.
    Improvement: -21.94%
[EVAL WARNING] problems/tsp_aco/F2.py:11: RuntimeWarning: invalid value encountered in power
  transition_weights = np.power(pheromone, alpha) * np.power(heuristic, beta)
  Turn 8: P2 used innovation
    Summary: Implemented dynamic weights for pheromone and heuristic based on iteration.
    Improvement: -32.87%
[EVAL WARNING] problems/tsp_aco/F2.py:11: RuntimeWarning: invalid value encountered in power
  transition_weights = np.power(pheromone, alpha) * np.power(heuristic, beta)
  Turn 9: P2 used counter
    Summary: Dynamic weights for pheromone and heuristic based on iteration.
    Improvement: -171.34%
[EVAL WARNING] problems/tsp_aco/F2.py:11: RuntimeWarning: invalid value encountered in power
  transition_weights = np.power(pheromone, alpha) * np.power(heuristic, beta)
  Turn 10: P2 used innovation
    Summary: Dynamic adjustment of pheromone and heuristic influences based on iterations.
    Improvement: -171.34%
[BASELINE] Checking F2 results...
[BASELINE] No improvement
  Current baseline: 29.749801
  Best achieved: 32.646055
[SAVE] Saved best implementation for F2
[REVERT] Reverted F2 to previous best

==================== OUTER ITERATION 3/20 ====================
[UCB] Selected: F3

[STRATEGY] Running 10 iterations on F3
  Current baseline: 29.749801
  Turn 1: P1 used counter
    Summary: Implemented adaptive pheromone decay based on iteration.
    Improvement: 1.34%
  Turn 2: P1 used innovation
    Summary: Dynamic decay factor and upper limit on pheromone values implemented.
    Improvement: -18.67%
  Turn 3: P1 used learning
    Summary: Enhanced pheromone deposition relative to average costs for better exploration.
    Improvement: 0.73%
  Turn 4: P2 used learning
    Summary: Implemented adaptive decay and enhanced pheromone deposit for shorter tours.
    Improvement: 1.34%
  Turn 5: P2 used counter
    Summary: Introduced average cost-based deposit for better exploration.
    Improvement: 0.29%
  Turn 6: P2 used innovation
    Summary: Implemented a reinforcement factor based on the best tour cost.
    Improvement: -0.60%
  Turn 7: P2 used learning
    Summary: Implemented adaptive decay and normalized pheromone deposition.
    Improvement: 0.75%
  Turn 8: P2 used counter
    Summary: Improved pheromone update with adaptive decay and capped values to prevent overflow.
    Improvement: 0.16%
  Turn 9: P2 used counter
    Summary: Implemented maximum pheromone limit to encourage path diversity.
    Improvement: -18.67%
  Turn 10: P2 used innovation
    Summary: Implemented variable deposition rates based on relative costs for better performance.
    Improvement: 0.58%
[BASELINE] Checking F3 results...
[BASELINE] Found improvement!
  Previous: 29.749801
  New: 29.352299
  Improvement: 1.34%
[SAVE] Saved best implementation for F3
[BASELINE] Propagating update to all trees...
[BASELINE] All trees updated

==================== OUTER ITERATION 4/20 ====================
[UCB] Selected: F1

[STRATEGY] Running 10 iterations on F1
  Current baseline: 29.352299
  Turn 11: P1 used innovation
    Summary: Innovative heuristic using logarithmic scaling of distances.
    Improvement: -251.77%
  Turn 12: P2 used learning
    Summary: Enhanced initialization balances decay factor and local density consideration.
    Improvement: 0.00%
  Turn 13: P2 used counter
    Summary: Enhanced edge selection by normalizing distances with variance.
    Improvement: -5.45%
  Turn 14: P2 used learning
    Summary: Enhanced heuristic with squared stability factor for improved edge selection.
    Improvement: -6.69%
  Turn 15: P2 used innovation
    Summary: Enhanced heuristic with local density and decay factor for better edge selection.
    Improvement: -5.32%
  Turn 16: P1 used learning
    Summary: Enhanced heuristic with normalization and improved pheromone initialization.
    Improvement: 0.08%
  Turn 17: P1 used innovation
    Summary: Introduced a normalized path-based heuristic for improved edge selection.
    Improvement: -2.97%
  Turn 18: P1 used counter
    Summary: Improved heuristic by scaling based on minimum distance and dynamic normalization.
    Improvement: -160.42%
  Turn 19: P1 used innovation
    Summary: Used logarithmic scaling to enhance edge selection.
    Improvement: -147.48%
  Turn 20: P1 used innovation
    Summary: Introduced scaling factor for heuristic and modified pheromone calculation.
    Improvement: -6.90%
[BASELINE] Checking F1 results...
[BASELINE] Found improvement!
  Previous: 29.352299
  New: 29.328821
  Improvement: 0.08%
[SAVE] Saved best implementation for F1
[BASELINE] Propagating update to all trees...
[BASELINE] All trees updated

==================== OUTER ITERATION 5/20 ====================
[UCB] Selected: F3

[STRATEGY] Running 10 iterations on F3
  Current baseline: 29.328821
  Turn 11: P1 used innovation
    Summary: Introduced dynamic scaling factor for pheromone deposition based on average costs.
    Improvement: -0.83%
  Turn 12: P2 used learning
    Summary: Enhanced pheromone update with dynamic decay, stability, and limits.
    Improvement: -1.63%
  Turn 13: P1 used innovation
    Summary: Applied non-linear decay and increased reinforcement for optimal paths.
    Improvement: -0.18%
  Turn 14: P1 used learning
    Summary: Adaptive decay and enhanced pheromone reinforcement for better tours.
    Improvement: -0.68%
  Turn 15: P1 used innovation
    Summary: Implemented variable reinforcement based on relative tour cost to mean.
    Improvement: -0.39%
  Turn 16: P2 used innovation
    Summary: Implemented exponential pheromone deposit based on tour cost.
    Improvement: -2.06%
  Turn 17: P1 used learning
    Summary: Enhanced pheromone deposition with stronger reinforcement for shorter tours.
    Improvement: 0.00%
[EVAL WARNING] Traceback (most recent call last):
  File "problems/tsp_aco/eval.py", line 5, in <module>
    from aco import run_tsp_aco
  File "problems/tsp_aco/aco.py", line 4, in <module>
    from F3 import update_pheromone
  File "problems/tsp_aco/F3.py", line 14
    total deposit = 0.0
          ^^^^^^^
SyntaxError: invalid syntax
  Turn 18: P1 used counter
    Summary: Improved pheromone update normalization and decay mechanism.
    Improvement: 0.00%
  Turn 19: P1 used counter
    Summary: Enhanced dynamic scaling of pheromone deposit based on tour length and iteration.
    Improvement: -0.43%
  Turn 20: P1 used innovation
    Summary: Enhanced pheromone update based on comparative tour costs for better exploration.
    Improvement: 0.93%
[BASELINE] Checking F3 results...
[BASELINE] Found improvement!
  Previous: 29.328821
  New: 29.056628
  Improvement: 0.93%
[SAVE] Saved best implementation for F3
[BASELINE] Propagating update to all trees...
[BASELINE] All trees updated

==================== OUTER ITERATION 6/20 ====================
[UCB] Selected: F3

[STRATEGY] Running 10 iterations on F3
  Current baseline: 29.056628
  Turn 21: P1 used learning
    Summary: Enhanced pheromone update with stronger deposits for shorter tours.
    Improvement: -1.66%
  Turn 22: P1 used learning
    Summary: Enhanced dynamic decay and higher deposit for best tours.
    Improvement: -20.54%
  Turn 23: P1 used counter
    Summary: Adjusted pheromone deposit based on relative performance and dynamic decay.
    Improvement: 0.06%
  Turn 24: P1 used innovation
    Summary: Implemented adaptive pheromone decay with squared inverse costs for improved heuristic.
    Improvement: -0.83%
  Turn 25: P1 used learning
    Summary: Enhanced pheromone update with increased reinforcement and optimized decay.
    Improvement: -1.77%
  Turn 26: P1 used learning
    Summary: Enhanced pheromone updates with improved reinforcement for shorter paths.
    Improvement: -15.39%
  Turn 27: P1 used counter
    Summary: Adjusted deposition based on average costs for better adaptation.
    Improvement: -0.58%
  Turn 28: P1 used learning
    Summary: Enhanced pheromone update with increased reinforcement and maximum limits.
    Improvement: -1.78%
  Turn 29: P2 used learning
    Summary: Enhanced pheromone update with adaptive decay and improved deposit strategy.
    Improvement: -1.02%
  Turn 30: P1 used counter
    Summary: Dynamic scaling to ensure balanced pheromone updates for tours.
    Improvement: -0.80%
[BASELINE] Checking F3 results...
[BASELINE] Found improvement!
  Previous: 29.056628
  New: 29.039832
  Improvement: 0.06%
[SAVE] Saved best implementation for F3
[BASELINE] Propagating update to all trees...
[BASELINE] All trees updated

==================== OUTER ITERATION 7/20 ====================
[UCB] Selected: F2

[STRATEGY] Running 10 iterations on F2
  Current baseline: 29.039832
[EVAL WARNING] problems/tsp_aco/F2.py:11: RuntimeWarning: invalid value encountered in power
  transition_weights = np.power(pheromone, alpha) * np.power(heuristic, beta)
  Turn 11: P2 used innovation
    Summary: Dynamic scaling for pheromone and heuristic influences based on iteration.
    Improvement: -255.55%
[EVAL WARNING] problems/tsp_aco/F2.py:11: RuntimeWarning: invalid value encountered in power
  weights = np.power(pheromone, alpha) * np.power(heuristic, beta)
  Turn 12: P1 used counter
    Summary: Enhanced dynamic influence for better exploration and exploitation.
    Improvement: -55.99%
[EVAL WARNING] problems/tsp_aco/F2.py:11: RuntimeWarning: invalid value encountered in power
  weights = np.power(pheromone, alpha) * np.power(heuristic, beta)
  Turn 13: P2 used counter
    Summary: Introduced dynamic weighting for pheromone and heuristic based on iteration.
    Improvement: -85.66%
[EVAL WARNING] problems/tsp_aco/F2.py:11: RuntimeWarning: invalid value encountered in power
  probabilities = np.power(pheromone, alpha) * np.power(heuristic, beta)
  Turn 14: P1 used learning
    Summary: Enhanced pheromone and heuristic influence dynamics for better stability.
    Improvement: -255.55%
[EVAL WARNING] problems/tsp_aco/F2.py:11: RuntimeWarning: invalid value encountered in power
  transition_weights = np.power(pheromone, alpha) * np.power(heuristic, beta)
  Turn 15: P1 used innovation
    Summary: Introduced sigmoid scaling for pheromone and heuristic influences.
    Improvement: -255.55%
[EVAL WARNING] problems/tsp_aco/F2.py:11: RuntimeWarning: invalid value encountered in power
  weights = np.power(pheromone, alpha) * np.power(heuristic, beta)
  Turn 16: P1 used learning
    Summary: Dynamic pheromone influence improves exploration and convergence.
    Improvement: -22.48%
[EVAL WARNING] problems/tsp_aco/F2.py:11: RuntimeWarning: invalid value encountered in power
  weights = np.power(pheromone, alpha) * np.power(heuristic, beta)
  Turn 17: P1 used learning
    Summary: Dynamic adjustment of pheromone and heuristic influence for better transition weights.
    Improvement: -255.55%
[EVAL WARNING] problems/tsp_aco/F2.py:11: RuntimeWarning: invalid value encountered in power
  weights = np.power(pheromone, alpha) * np.power(heuristic, beta)
  Turn 18: P1 used learning
    Summary: Introduced variable coefficients and ensured numerical stability.
    Improvement: -76.29%
[EVAL WARNING] problems/tsp_aco/F2.py:12: RuntimeWarning: invalid value encountered in power
  transition_weights = np.power(pheromone, alpha) * np.power(heuristic, beta)
  Turn 19: P1 used innovation
    Summary: Introduced dynamic decay and normalization for balance in transition weights.
    Improvement: -255.55%
[EVAL WARNING] problems/tsp_aco/F2.py:11: RuntimeWarning: invalid value encountered in power
  probabilities = np.power(pheromone, alpha) * np.power(heuristic, beta)
  Turn 20: P1 used innovation
    Summary: Dynamic shifting of pheromone and heuristic influences to enhance exploration.
    Improvement: -56.85%
[BASELINE] Checking F2 results...
[BASELINE] No improvement
  Current baseline: 29.039832
  Best achieved: 32.646055
[SAVE] Saved best implementation for F2
[REVERT] Reverted F2 to previous best

==================== OUTER ITERATION 8/20 ====================
[UCB] Selected: F1

[STRATEGY] Running 10 iterations on F1
  Current baseline: 29.039832
  Turn 21: P1 used learning
    Summary: Combined strategies for enhanced edge selection and pheromone influence.
    Improvement: -1.92%
  Turn 22: P1 used learning
    Summary: Combined edge density with decay factor for improved initialization.
    Improvement: -2.35%
[EVAL WARNING] problems/tsp_aco/F1.py:7: RuntimeWarning: invalid value encountered in sqrt
  pheromone = np.maximum(normalized_distances, 1.0) * np.sqrt(len(distances) - normalized_distances)
  Turn 23: P1 used counter
    Summary: Improved heuristics and pheromone calculation for better edge selection.
    Improvement: -255.55%
  Turn 24: P1 used counter
    Summary: Introduced quadratic adjustment to heuristic for improved edge selection.
    Improvement: -0.55%
  Turn 25: P1 used innovation
    Summary: Hybrid heuristic combining distance inverses with local edge density.
    Improvement: -3.84%
  Turn 26: P1 used learning
    Summary: Enhanced heuristic and pheromone calculation for better performance.
    Improvement: 0.00%
  Turn 27: P2 used learning
    Summary: Enhanced heuristic and pheromone initialization for TSP.
    Improvement: -4.95%
[EVAL WARNING] Traceback (most recent call last):
  File "problems/tsp_aco/eval.py", line 5, in <module>
    from aco import run_tsp_aco
  File "problems/tsp_aco/aco.py", line 2, in <module>
    from F1 import initialize
  File "problems/tsp_aco/F1.py", line 7
    heuristic = (1.0 / (distances + 1e-10)) * stability_factor *
                                                                 ^
SyntaxError: invalid syntax
  Turn 28: P1 used counter
    Summary: Enhanced edge selection via squared distances and adaptive pheromone weights.
    Improvement: 0.00%
  Turn 29: P1 used innovation
    Summary: Introduced normalized distance and balance in heuristic calculation.
    Improvement: -5.98%
[EVAL WARNING] problems/tsp_aco/F1.py:8: RuntimeWarning: invalid value encountered in sqrt
  pheromone = np.clip(1.0 / (distances + 1e-10), 0.1, None) * stability_factor**0.5
  Turn 30: P2 used counter
    Summary: Combined proximity and stability for improved initialization.
    Improvement: -255.55%
[BASELINE] Checking F1 results...
[BASELINE] No improvement
  Current baseline: 29.039832
  Best achieved: 29.039832
[SAVE] Saved best implementation for F1
[REVERT] Reverted F1 to previous best

==================== OUTER ITERATION 9/20 ====================
[UCB] Selected: F3

[STRATEGY] Running 10 iterations on F3
  Current baseline: 29.039832
  Turn 31: P2 used learning
    Summary: Enhanced pheromone update strategy with combined decay and deposit scaling.
    Improvement: -1.08%
  Turn 32: P1 used counter
    Summary: Improved pheromone deposition dynamic relative to the best cost for better exploration.
    Improvement: -1.28%
  Turn 33: P1 used learning
    Summary: Implemented adaptive decay and varied pheromone deposit based on cost performance.
    Improvement: -2.07%
  Turn 34: P1 used counter
    Summary: Introduced stabilization thresholds for pheromone updates.
    Improvement: -18.62%
  Turn 35: P2 used counter
    Summary: Used average cost and maximum cost for better pheromone deposits.
    Improvement: -1.46%
  Turn 36: P1 used counter
    Summary: Enhanced pheromone reinforcement using relative costs for better convergence.
    Improvement: -0.72%
  Turn 37: P1 used innovation
    Summary: Dynamic pheromone deposition with capped values for improved diversity.
    Improvement: -1.56%
  Turn 38: P2 used counter
    Summary: Enhanced pheromone deposition with aggressive scaling to boost exploration.
    Improvement: -0.65%
  Turn 39: P1 used counter
    Summary: Implemented moderate pheromone updates with average cost-based deposit.
    Improvement: -36.92%
  Turn 40: P2 used counter
    Summary: Improved pheromone update with dynamic decay and normalized deposit handling.
    Improvement: 0.00%
[BASELINE] Checking F3 results...
[BASELINE] No improvement
  Current baseline: 29.039832
  Best achieved: 29.039832
[SAVE] Saved best implementation for F3
[REVERT] Reverted F3 to previous best

==================== OUTER ITERATION 10/20 ====================
[UCB] Selected: F1

[STRATEGY] Running 10 iterations on F1
  Current baseline: 29.039832
[EVAL WARNING] Traceback (most recent call last):
  File "problems/tsp_aco/eval.py", line 52, in <module>
    main(mode)
    ~~~~^^^^^^
  File "problems/tsp_aco/eval.py", line 43, in main
    costs = process_file(path, n_ants=N_ANTS, n_iter=N_ITER)
  File "problems/tsp_aco/eval.py", line 18, in process_file
    results.append(eval_instance(data[i], n_ants, n_iter, int(seeds[i])))
                   ~~~~~~~~~~~~~^^^^^^^^^^^^^^^^^^^^^^^^^^^^^^^^^^^^^^^^
  File "problems/tsp_aco/eval.py", line 9, in eval_instance
    return run_tsp_aco(D, n_ants, n_iter, seed)
  File "problems/tsp_aco/aco.py", line 72, in run_tsp_aco
    heuristic, pheromone = initialize(distances.copy())
                           ~~~~~~~~~~^^^^^^^^^^^^^^^^^^
  File "problems/tsp_aco/F1.py", line 4, in initialize
    min_distance = np.min(distances[distances > 0], axis=1, keepdims=True)
  File ".venv/lib/python3.13/site-packages/numpy/core/fromnumeric.py", line 2953, in min
    return _wrapreduction(a, np.minimum, 'min', axis, None, out,
                          keepdims=keepdims, initial=initial, where=where)
  File ".venv/lib/python3.13/site-packages/numpy/core/fromnumeric.py", line 88, in _wrapreduction
    return ufunc.reduce(obj, axis, dtype, out, **passkwargs)
           ~~~~~~~~~~~~^^^^^^^^^^^^^^^^^^^^^^^^^^^^^^^^^^^^^
numpy.exceptions.AxisError: axis 1 is out of bounds for array of dimension 1
  Turn 31: P2 used counter
    Summary: Improved heuristic using minimum distance for better edge selection.
    Improvement: 0.00%
  Turn 32: P1 used learning
    Summary: Enhanced initialization by combining mean distance with stability factors.
    Improvement: 0.00%
  Turn 33: P1 used learning
    Summary: Enhanced initialization balances mean distance and decay for better edge selection.
    Improvement: -2.58%
  Turn 34: P1 used innovation
    Summary: Refined heuristic using inverse squared distances and distance variance.
    Improvement: -1.50%
  Turn 35: P1 used innovation
    Summary: Implemented a variance-based heuristic for better edge selection.
    Improvement: -5.68%
  Turn 36: P1 used innovation
    Summary: Introduced Gaussian decay for heuristic calculation, prioritizing shorter routes.
    Improvement: -3.67%
  Turn 37: P1 used learning
    Summary: Enhanced heuristic with local density and improved pheromone distribution.
    Improvement: -0.57%
  Turn 38: P1 used counter
    Summary: Improved heuristic normalization for better pheromone strength.
    Improvement: -0.66%
  Turn 39: P2 used counter
    Summary: Enhanced pheromone calculation using more precise scaling and normalization.
    Improvement: -1.11%
  Turn 40: P2 used counter
    Summary: Improved dynamic scaling for heuristic and pheromone based on distance normalization.
    Improvement: -176.87%
[BASELINE] Checking F1 results...
[BASELINE] No improvement
  Current baseline: 29.039832
  Best achieved: 29.039832
[SAVE] Saved best implementation for F1
[REVERT] Reverted F1 to previous best

==================== OUTER ITERATION 11/20 ====================
[UCB] Selected: F2

[STRATEGY] Running 10 iterations on F2
  Current baseline: 29.039832
[EVAL WARNING] problems/tsp_aco/F2.py:11: RuntimeWarning: invalid value encountered in power
  weights = np.power(pheromone, alpha) * np.power(heuristic, beta)
  Turn 21: P1 used innovation
    Summary: Dynamic adjustment of pheromone and heuristic influences for better exploration.
    Improvement: -55.99%
[EVAL WARNING] problems/tsp_aco/F2.py:11: RuntimeWarning: invalid value encountered in power
  transition_weights = np.power(pheromone, alpha) * np.power(heuristic, beta)
  Turn 22: P1 used counter
    Summary: Enhanced dynamic scaling for pheromone and heuristic influences.
    Improvement: -85.66%
[EVAL WARNING] problems/tsp_aco/F2.py:11: RuntimeWarning: invalid value encountered in log
  heuristic_scaled = np.log(heuristic + 1e-10)  # Prevent log(0)
problems/tsp_aco/F2.py:12: RuntimeWarning: invalid value encountered in power
  probabilities = np.power(pheromone, alpha) * np.power(heuristic_scaled, beta)
  Turn 23: P1 used innovation
    Summary: Implemented log scaling for heuristic to enhance numerical stability.
    Improvement: -255.55%
[EVAL WARNING] problems/tsp_aco/F2.py:11: RuntimeWarning: invalid value encountered in power
  weights = np.power(pheromone, alpha) * np.power(heuristic, beta)
  Turn 24: P1 used innovation
    Summary: Dynamic influence of pheromone and heuristic adapts through iterations.
    Improvement: -255.55%
[EVAL WARNING] problems/tsp_aco/F2.py:11: RuntimeWarning: invalid value encountered in power
  transition_weights = np.power(pheromone, alpha) * np.power(heuristic, beta)
  Turn 25: P1 used counter
    Summary: Enhanced dynamic scaling of pheromone and heuristic with normalization.
    Improvement: -56.85%
[EVAL WARNING] problems/tsp_aco/F2.py:11: RuntimeWarning: invalid value encountered in power
  probabilities = np.power(pheromone, alpha) * np.power(heuristic, beta)
  Turn 26: P1 used learning
    Summary: Enhanced dynamic weighting for pheromone and heuristic influences.
    Improvement: -255.55%
[EVAL WARNING] problems/tsp_aco/F2.py:12: RuntimeWarning: invalid value encountered in power
  weights = np.power(pheromone, alpha) * np.power(heuristic, beta)
  Turn 27: P1 used innovation
    Summary: Implemented decay for pheromone and increasing heuristic influence.
    Improvement: -55.99%
[EVAL WARNING] problems/tsp_aco/F2.py:11: RuntimeWarning: invalid value encountered in power
  transition_weights = np.power(pheromone, alpha) * np.power(heuristic, beta)
  Turn 28: P1 used counter
    Summary: Enhanced pheromone influence using decay for effective exploration.
    Improvement: -255.55%
[EVAL WARNING] problems/tsp_aco/F2.py:11: RuntimeWarning: invalid value encountered in power
  probabilities = np.power(pheromone, alpha) * np.power(heuristic, beta)
  Turn 29: P1 used counter
    Summary: Introduced smoother dynamic transition of pheromone and heuristic weights.
    Improvement: -255.55%
[EVAL WARNING] problems/tsp_aco/F2.py:11: RuntimeWarning: invalid value encountered in power
  weights = np.power(pheromone, alpha) * np.power(heuristic, beta)
  Turn 30: P1 used learning
    Summary: Adjusted influences for pheromone and heuristic to enhance exploration and exploitation.
    Improvement: -55.99%
[BASELINE] Checking F2 results...
[BASELINE] No improvement
  Current baseline: 29.039832
  Best achieved: 32.646055
[SAVE] Saved best implementation for F2
[REVERT] Reverted F2 to previous best

==================== OUTER ITERATION 12/20 ====================
[UCB] Selected: F3

[STRATEGY] Running 10 iterations on F3
  Current baseline: 29.039832
  Turn 41: P2 used counter
    Summary: Introduced variable deposition rates based on average costs for better exploration.
    Improvement: -1.38%
[EVAL WARNING] Traceback (most recent call last):
  File "problems/tsp_aco/eval.py", line 5, in <module>
    from aco import run_tsp_aco
  File "problems/tsp_aco/aco.py", line 4, in <module>
    from F3 import update_pheromone
  File "problems/tsp_aco/F3.py", line 17
    deposit = (1.0 / costs[ant]) *
                                   ^
SyntaxError: invalid syntax
  Turn 42: P2 used learning
    Summary: Improved pheromone update using both best and average costs for better exploration.
    Improvement: 0.00%
  Turn 43: P2 used innovation
    Summary: Adaptive pheromone deposits based on maximum threshold and relative costs.
    Improvement: -0.62%
  Turn 44: P1 used innovation
    Summary: Implemented relative pheromone deposition based on tour cost.
    Improvement: -20.20%
  Turn 45: P2 used learning
    Summary: Improved pheromone update by adjusting decay and deposits for better exploration.
    Improvement: -0.98%
  Turn 46: P2 used counter
    Summary: Enhanced pheromone update mechanism for better stability and exploration.
    Improvement: -1.60%
  Turn 47: P2 used innovation
    Summary: Introduced a hybrid pheromone update balancing best and average tour performance.
    Improvement: -0.91%
  Turn 48: P2 used innovation
    Summary: Enhanced pheromone updates based on tour diversity, aiming for better exploration.
    Improvement: -1.49%
  Turn 49: P1 used learning
    Summary: Enhanced pheromone update with stable totals and better deposit dynamics.
    Improvement: -40.83%
  Turn 50: P2 used innovation
    Summary: Introduced exponential decay and a two-tiered deposit system.
    Improvement: -26.31%
[BASELINE] Checking F3 results...
[BASELINE] No improvement
  Current baseline: 29.039832
  Best achieved: 29.039832
[SAVE] Saved best implementation for F3
[REVERT] Reverted F3 to previous best

==================== OUTER ITERATION 13/20 ====================
[UCB] Selected: F1

[STRATEGY] Running 10 iterations on F1
  Current baseline: 29.039832
  Turn 41: P1 used counter
    Summary: Improved edge cases and enhanced pheromone calculation for better stability and adaptability.
    Improvement: -1.08%
  Turn 42: P2 used counter
    Summary: Enhanced heuristic using variance for better path diversity.
    Improvement: -1.29%
  Turn 43: P2 used counter
    Summary: Enhanced heuristic and pheromone initialization for better adaptability.
    Improvement: -196.58%
  Turn 44: P1 used learning
    Summary: Used distance norms and stability factors to boost edge selection efficiency.
    Improvement: 0.00%
  Turn 45: P1 used counter
    Summary: Enhanced heuristics with density and minimum distance for better edge selection.
    Improvement: -5.52%
  Turn 46: P1 used counter
    Summary: Enhanced heuristic and pheromone calculation for better edge selection.
    Improvement: -2.00%
  Turn 47: P2 used innovation
    Summary: Introduced distance ratio-based heuristic and simplified pheromone initialization.
    Improvement: -69.51%
  Turn 48: P2 used counter
    Summary: Improved initialization with enhanced heuristic and pheromone calculation.
    Improvement: -1.90%
  Turn 49: P2 used innovation
    Summary: Introduced convexity scaling to distance for better edge selection.
    Improvement: -5.94%
[EVAL WARNING] problems/tsp_aco/F1.py:7: RuntimeWarning: invalid value encountered in power
  heuristic = (1.0 / (distances + 1e-10)) * (stability_factor ** 1.5) * (1.0 / (max_distance - distances + 1e-10))
  Turn 50: P2 used learning
    Summary: Enhanced heuristic using stability and maximum distance normalization.
    Improvement: -255.55%
[BASELINE] Checking F1 results...
[BASELINE] No improvement
  Current baseline: 29.039832
  Best achieved: 29.039832
[SAVE] Saved best implementation for F1
[REVERT] Reverted F1 to previous best

==================== OUTER ITERATION 14/20 ====================
[UCB] Selected: F3

[STRATEGY] Running 10 iterations on F3
  Current baseline: 29.039832
  Turn 51: P2 used innovation
    Summary: Introduced variable decay and adaptive reinforcement for better pheromone updates.
    Improvement: -1.85%
  Turn 52: P2 used learning
    Summary: Implemented adaptive decay and squared inverse cost for enhanced pheromone updates.
    Improvement: -0.20%
  Turn 53: P2 used counter
    Summary: Enhanced pheromone updates with competitive deposits and decay.
    Improvement: -1.32%
  Turn 54: P2 used innovation
    Summary: Normalized deposition based on average costs enhances exploration.
    Improvement: -2.01%
  Turn 55: P2 used counter
    Summary: Enhanced deposits based on average and standard deviation to boost exploration.
    Improvement: -2.02%
  Turn 56: P1 used innovation
    Summary: Implemented adaptive reinforcement based on costs to encourage better exploration.
    Improvement: -2.04%
  Turn 57: P2 used innovation
    Summary: Enhanced pheromone update with dynamic decay and increased reinforcement based on best cost.
    Improvement: -0.81%
  Turn 58: P2 used learning
    Summary: Enhanced pheromone deposition combining best and average costs, improving exploration.
    Improvement: -1.74%
  Turn 59: P2 used counter
    Summary: Implemented adaptive decay and logarithmic deposit for stability.
    Improvement: -55.99%
  Turn 60: P2 used learning
    Summary: Increased reinforcement for shorter paths and maintained dynamic decay.
    Improvement: -1.32%
[BASELINE] Checking F3 results...
[BASELINE] No improvement
  Current baseline: 29.039832
  Best achieved: 29.039832
[SAVE] Saved best implementation for F3
[REVERT] Reverted F3 to previous best

==================== OUTER ITERATION 15/20 ====================
[UCB] Selected: F2

[STRATEGY] Running 10 iterations on F2
  Current baseline: 29.039832
[EVAL WARNING] problems/tsp_aco/F2.py:11: RuntimeWarning: invalid value encountered in power
  transition_weights = np.power(pheromone, alpha) * np.power(heuristic, beta)
  Turn 31: P1 used learning
    Summary: Dynamic influences with normalization for better transition weights.
    Improvement: -84.91%
[EVAL WARNING] Traceback (most recent call last):
  File "problems/tsp_aco/eval.py", line 5, in <module>
    from aco import run_tsp_aco
  File "problems/tsp_aco/aco.py", line 3, in <module>
    from F2 import compute_probabilities
  File "problems/tsp_aco/F2.py", line 16
    return g
IndentationError: unexpected indent
  Turn 32: P1 used counter
    Summary: Dynamic adjustment of pheromone and heuristic weights ensures better transition stability.
    Improvement: 0.00%
[EVAL WARNING] Traceback (most recent call last):
  File "problems/tsp_aco/eval.py", line 52, in <module>
    main(mode)
    ~~~~^^^^^^
  File "problems/tsp_aco/eval.py", line 43, in main
    costs = process_file(path, n_ants=N_ANTS, n_iter=N_ITER)
  File "problems/tsp_aco/eval.py", line 18, in process_file
    results.append(eval_instance(data[i], n_ants, n_iter, int(seeds[i])))
                   ~~~~~~~~~~~~~^^^^^^^^^^^^^^^^^^^^^^^^^^^^^^^^^^^^^^^^
  File "problems/tsp_aco/eval.py", line 9, in eval_instance
    return run_tsp_aco(D, n_ants, n_iter, seed)
  File "problems/tsp_aco/aco.py", line 80, in run_tsp_aco
    paths = constructive_path(n_cities, n_ants, probs, seed=rng_seed)
  File "problems/tsp_aco/aco.py", line 34, in constructive_path
    probs = probabilities[current] * mask
            ~~~~~~~~~~~~~^^^^^^^^^
TypeError: only integer scalar arrays can be converted to a scalar index
  Turn 33: P1 used counter
    Summary: Adjusted alpha and beta influences for better dynamic behavior.
    Improvement: 0.00%
[EVAL WARNING] problems/tsp_aco/F2.py:11: RuntimeWarning: invalid value encountered in power
  transition_weights = np.maximum(np.power(pheromone, alpha), 1e-10) * np.maximum(np.power(heuristic, beta), 1e-10)
  Turn 34: P1 used learning
    Summary: Enhanced scaling of alpha and beta for optimal transition weights.
    Improvement: -255.55%
[EVAL WARNING] problems/tsp_aco/F2.py:11: RuntimeWarning: invalid value encountered in power
  probabilities = np.power(pheromone, alpha) * np.power(heuristic, beta)
  Turn 35: P1 used counter
    Summary: Enhanced dynamic weighting for pheromone and heuristic influences.
    Improvement: -17.70%
[EVAL WARNING] problems/tsp_aco/F2.py:11: RuntimeWarning: invalid value encountered in power
  transition_weights = np.power(pheromone, alpha) * np.power(heuristic, beta)
  Turn 36: P2 used innovation
    Summary: Dynamic decay for pheromone influence and logarithmic heuristic scaling.
    Improvement: -255.55%
[EVAL WARNING] problems/tsp_aco/F2.py:11: RuntimeWarning: invalid value encountered in power
  transition_weights = np.power(pheromone, alpha) * np.power(heuristic, beta)
  Turn 37: P2 used learning
    Summary: Adjusted pheromone and heuristic weights with improved normalization.
    Improvement: -55.99%
[EVAL WARNING] problems/tsp_aco/F2.py:11: RuntimeWarning: invalid value encountered in power
  weights = np.power(pheromone, alpha) * np.power(heuristic, beta)
  Turn 38: P1 used counter
    Summary: Dynamic scaling of alpha and beta enhances performance in later iterations.
    Improvement: -53.67%
[EVAL WARNING] problems/tsp_aco/F2.py:11: RuntimeWarning: invalid value encountered in power
  transition_weights = np.power(pheromone, alpha) * np.power(heuristic, beta)
  Turn 39: P1 used learning
    Summary: Introduced normalization and enhanced dynamic scaling for stability and performance.
    Improvement: -255.55%
[EVAL WARNING] problems/tsp_aco/F2.py:11: RuntimeWarning: invalid value encountered in power
  transition_weights = np.power(pheromone, alpha) * np.power(heuristic, beta)
  Turn 40: P2 used counter
    Summary: Implemented numerical stability into transition weights normalization.
    Improvement: -255.55%
[BASELINE] Checking F2 results...
[BASELINE] No improvement
  Current baseline: 29.039832
  Best achieved: 32.646055
[SAVE] Saved best implementation for F2
[REVERT] Reverted F2 to previous best

==================== OUTER ITERATION 16/20 ====================
[UCB] Selected: F1

[STRATEGY] Running 10 iterations on F1
  Current baseline: 29.039832
  Turn 51: P2 used innovation
    Summary: Designed heuristic using exponential decay for improved edge selection.
    Improvement: -1.64%
  Turn 52: P2 used innovation
    Summary: New heuristic combines distance normalization with a diversity factor.
    Improvement: -65.83%
  Turn 53: P2 used counter
    Summary: Introduced total distance consideration for enhanced heuristic normalization.
    Improvement: 0.00%
  Turn 54: P2 used innovation
    Summary: Enhanced heuristic prioritizes closer cities with local density measure.
    Improvement: -5.94%
  Turn 55: P2 used learning
    Summary: Improved heuristic and pheromone calculation for better edge selection.
    Improvement: 0.00%
  Turn 56: P2 used learning
    Summary: Enhanced edge selection with improved local density normalization.
    Improvement: 0.00%
  Turn 57: P2 used counter
    Summary: Improved edge evaluation with better variability and normalization.
    Improvement: -2.35%
  Turn 58: P2 used innovation
    Summary: Enhanced heuristic using Gaussian scoring for improved edge selection.
    Improvement: -255.55%
  Turn 59: P2 used innovation
    Summary: Enhanced heuristics with exponential decay and distance scaling.
    Improvement: -368.19%
  Turn 60: P2 used counter
    Summary: Enhanced initialization by combining weighted minimum distances and local density.
    Improvement: -17.26%
[BASELINE] Checking F1 results...
[BASELINE] No improvement
  Current baseline: 29.039832
  Best achieved: 29.039832
[SAVE] Saved best implementation for F1
[REVERT] Reverted F1 to previous best

==================== OUTER ITERATION 17/20 ====================
[UCB] Selected: F3

[STRATEGY] Running 10 iterations on F3
  Current baseline: 29.039832
  Turn 61: P2 used counter
    Summary: Enhanced pheromone update with adaptive decay and stronger reinforcement strategy.
    Improvement: -5.65%
  Turn 62: P2 used innovation
    Summary: Implemented a cubic pheromone decay and enhanced deposit formula.
    Improvement: -2.06%
  Turn 63: P2 used innovation
    Summary: Enhanced pheromone update with variable decay and stronger reinforcement for best ant.
    Improvement: -1.58%
  Turn 64: P2 used counter
    Summary: Implemented dynamic scaling based on average costs for pheromone deposits.
    Improvement: -0.52%
  Turn 65: P2 used innovation
    Summary: Introduced dynamic decay and selective pheromone deposition based on performance.
    Improvement: 0.23%
  Turn 66: P2 used learning
    Summary: Combined average and best cost deposits for improved pheromone update.
    Improvement: -1.10%
  Turn 67: P1 used innovation
    Summary: Implemented a two-tier pheromone deposit strategy for enhanced exploration.
    Improvement: -11.53%
  Turn 68: P2 used learning
    Summary: Implemented stronger pheromone decay and enhanced deposit for shorter tours.
    Improvement: -1.61%
  Turn 69: P2 used innovation
    Summary: Dynamic decay with enhanced deposition from total tour cost.
    Improvement: -1.99%
  Turn 70: P2 used innovation
    Summary: Introduced dynamic deposit influenced by iteration and cost ratio.
    Improvement: -1.13%
[BASELINE] Checking F3 results...
[BASELINE] Found improvement!
  Previous: 29.039832
  New: 28.973914
  Improvement: 0.23%
[SAVE] Saved best implementation for F3
[BASELINE] Propagating update to all trees...
[BASELINE] All trees updated

==================== OUTER ITERATION 18/20 ====================
[UCB] Selected: F3

[STRATEGY] Running 10 iterations on F3
  Current baseline: 28.973914
  Turn 71: P2 used innovation
    Summary: Enhanced pheromone deposits for tours below average cost.
    Improvement: -1.71%
  Turn 72: P2 used innovation
    Summary: Adaptive pheromone update with iteration adjustment and reduced max limit.
    Improvement: -2.44%
  Turn 73: P2 used counter
    Summary: Introduced a hybrid deposit strategy combining best and average cost influences.
    Improvement: -1.33%
  Turn 74: P1 used counter
    Summary: Enhanced pheromone update with dynamic deposit adjustments and higher decay.
    Improvement: -2.34%
  Turn 75: P2 used learning
    Summary: Adaptive decay and enhanced relative reinforcement for better pheromone updates.
    Improvement: -1.79%
  Turn 76: P2 used counter
    Summary: Implemented weighted deposit to encourage exploration and improve pheromone updates.
    Improvement: -2.01%
  Turn 77: P2 used learning
    Summary: Enhanced pheromone update with adaptive decay and normalized deposits.
    Improvement: -21.76%
  Turn 78: P2 used innovation
    Summary: Dynamic decay and exponential deposit based on average costs to enhance exploration.
    Improvement: -1.93%
  Turn 79: P2 used innovation
    Summary: Dynamic pheromone deposition with enhanced evaporation and rewards for shorter tours.
    Improvement: -2.48%
  Turn 80: P2 used counter
    Summary: Implemented stronger deposit reinforcement and adjusted decay factor.
    Improvement: -0.85%
[BASELINE] Checking F3 results...
[BASELINE] No improvement
  Current baseline: 28.973914
  Best achieved: 28.973914
[SAVE] Saved best implementation for F3
[REVERT] Reverted F3 to previous best

==================== OUTER ITERATION 19/20 ====================
[UCB] Selected: F2

[STRATEGY] Running 10 iterations on F2
  Current baseline: 28.973914
[EVAL WARNING] problems/tsp_aco/F2.py:11: RuntimeWarning: invalid value encountered in power
  weights = np.power(pheromone, alpha) * np.power(heuristic, beta)
  Turn 41: P2 used learning
    Summary: Combined dynamic sigmoid scaling for pheromone and heuristic influences.
    Improvement: -256.36%
[EVAL WARNING] problems/tsp_aco/F2.py:11: RuntimeWarning: invalid value encountered in power
  transition_weights = np.power(pheromone, alpha) * np.power(heuristic, beta)
  Turn 42: P2 used counter
    Summary: Enhanced transition weights with nonlinear scaling for improved exploration.
    Improvement: -256.36%
[EVAL WARNING] problems/tsp_aco/F2.py:11: RuntimeWarning: invalid value encountered in power
  transition_weights = np.power(pheromone, alpha) * np.power(heuristic, beta)
  Turn 43: P2 used learning
    Summary: Enhanced pheromone and heuristic influence dynamics for better probabilities.
    Improvement: -256.36%
[EVAL WARNING] problems/tsp_aco/F2.py:11: RuntimeWarning: invalid value encountered in power
  transition_weights = np.power(pheromone, alpha) * np.power(heuristic, beta)
  Turn 44: P2 used innovation
    Summary: Introduced logarithmic scaling for pheromone and heuristic influences.
    Improvement: -256.36%
[EVAL WARNING] problems/tsp_aco/F2.py:11: RuntimeWarning: invalid value encountered in power
  transition_weights = np.power(pheromone, alpha) * np.power(heuristic, beta)
  Turn 45: P2 used innovation
    Summary: Introduced exponential decay and non-linear scaling for improved transition weights.
    Improvement: -56.34%
[EVAL WARNING] problems/tsp_aco/F2.py:12: RuntimeWarning: invalid value encountered in power
  transition_weights = np.power(pheromone, alpha) * np.power(heuristic, beta)
  Turn 46: P2 used learning
    Summary: Dynamic adjustment with a minimum threshold for stability and performance.
    Improvement: -56.34%
[EVAL WARNING] problems/tsp_aco/F2.py:11: RuntimeWarning: invalid value encountered in power
  transition_weights = np.power(pheromone, alpha) * np.power(heuristic, beta)
  Turn 47: P2 used learning
    Summary: Enhanced adaptability of pheromone and heuristic influences for better path optimization.
    Improvement: -86.09%
[EVAL WARNING] problems/tsp_aco/F2.py:11: RuntimeWarning: invalid value encountered in power
  transition_weights = np.power(pheromone, alpha) * np.power(heuristic, beta)
  Turn 48: P1 used innovation
    Summary: Introduced decay factors and squared scaling for better dynamic balance.
    Improvement: -1.11%
[EVAL WARNING] problems/tsp_aco/F2.py:11: RuntimeWarning: invalid value encountered in power
  probabilities = np.power(pheromone, alpha) * np.power(heuristic, beta)
  Turn 49: P1 used innovation
    Summary: Applied logarithmic scaling to transition weights for stability.
    Improvement: -56.34%
[EVAL WARNING] problems/tsp_aco/F2.py:11: RuntimeWarning: invalid value encountered in power
  transition_weights = np.nan_to_num(np.power(pheromone, alpha) * np.power(heuristic, beta))
  Turn 50: P2 used innovation
    Summary: Implemented non-linear influences using exponential decay and sigmoid function.
    Improvement: -0.35%
[BASELINE] Checking F2 results...
[BASELINE] No improvement
  Current baseline: 28.973914
  Best achieved: 29.075035
[SAVE] Saved best implementation for F2
[REVERT] Reverted F2 to previous best

==================== OUTER ITERATION 20/20 ====================
[UCB] Selected: F1

[STRATEGY] Running 10 iterations on F1
  Current baseline: 28.973914
  Turn 61: P2 used learning
    Summary: Improved heuristic by combining inverse distance with scaling from mean and minimum distances.
    Improvement: 0.66%
  Turn 62: P2 used innovation
    Summary: Introduced localized density squared for heuristic, adjusted pheromone calculation.
    Improvement: -3.34%
  Turn 63: P2 used innovation
    Summary: Introduced logarithmic scaling and adaptive pheromone initialization for edges.
    Improvement: -256.36%
  Turn 64: P2 used learning
    Summary: Combined normalized distances, stability factors, and distance norms for improved heuristics.
    Improvement: -0.02%
  Turn 65: P2 used counter
    Summary: Enhanced initialization with improved density considerations and stability.
    Improvement: -0.26%
  Turn 66: P2 used counter
    Summary: Improved heuristic using weighted averages for better edge selection.
    Improvement: -0.52%
  Turn 67: P2 used innovation
    Summary: Implemented proximate edge weighting for improved heuristic calculation.
    Improvement: -4.55%
  Turn 68: P2 used innovation
    Summary: Implemented a combination of relative distance and edge connectivity for initialization.
    Improvement: -3.61%
  Turn 69: P2 used counter
    Summary: Enhanced heuristic by adding randomness and dynamic stability factors.
    Improvement: 0.20%
[EVAL WARNING] problems/tsp_aco/F1.py:8: RuntimeWarning: invalid value encountered in log
  pheromone = np.maximum(1.0 / (distances + 1e-10), 1.0) * np.log((mean_distance - distances) / mean_distance + 1e-10)
  Turn 70: P2 used counter
    Summary: Introduced enhanced scoring and pheromone decay for better tour optimization.
    Improvement: -256.36%
[BASELINE] Checking F1 results...
[BASELINE] Found improvement!
  Previous: 28.973914
  New: 28.781524
  Improvement: 0.66%
[SAVE] Saved best implementation for F1
[BASELINE] Propagating update to all trees...
[BASELINE] All trees updated

==================================================
COMPETITIVE STATUS
==================================================
F1:
  P1: 29.039832 (improvement: -0.90%)
  P2: 28.781524 (improvement: 0.00%)
  Winner: P2 with cost 28.781524
  Turns: 70

F2:
  P1: 29.294984 (improvement: -1.78%)
  P2: 29.075035 (improvement: -1.02%)
  Winner: P2 with cost 29.075035
  Turns: 50

F3:
  P1: 29.039832 (improvement: -0.90%)
  P2: 28.973914 (improvement: -0.67%)
  Winner: P2 with cost 28.973914
  Turns: 80

Current baseline: 28.781524
==================================================

==================================================
ROUND 1 COMPLETED
==================================================
Initial baseline: 32.646055
Final baseline: 28.781524
Total improvement: 11.84%

==================================================
COMPETITIVE STATUS
==================================================
F1:
  P1: 29.039832 (improvement: -0.90%)
  P2: 28.781524 (improvement: 0.00%)
  Winner: P2 with cost 28.781524
  Turns: 70

F2:
  P1: 29.294984 (improvement: -1.78%)
  P2: 29.075035 (improvement: -1.02%)
  Winner: P2 with cost 29.075035
  Turns: 50

F3:
  P1: 29.039832 (improvement: -0.90%)
  P2: 28.973914 (improvement: -0.67%)
  Winner: P2 with cost 28.973914
  Turns: 80

Current baseline: 28.781524
==================================================

Saving all best implementations...
  Saved F1
  Saved F2
  Saved F3
All implementations saved

Round 1 completed!
Round 1 Results Summary:
  Initial baseline: 32.646055
  Round 1 baseline: 28.781524
  Round 1 improvement: 11.84%
  Strategy winners:
    F1: P2 wins with cost 28.781524
    F2: P2 wins with cost 29.075035
    F3: P2 wins with cost 28.973914

Saving Round 1 strategies to results...
  Saved F1 to 20260729_160823_tsp_aco_F1_round1_best.py
  Saved F2 to 20260729_160823_tsp_aco_F2_round1_best.py
  Saved F3 to 20260729_160823_tsp_aco_F3_round1_best.py
Saved 3 Round 1 strategy files

============================================================
PHASE 2: FINAL ROUND - SEQUENTIAL OPTIMIZATION
============================================================

============================================================
STARTING FINAL ROUND: SEQUENTIAL OPTIMIZATION
============================================================
Goal: System-aware strategy refinement
Two players compete per strategy with fixed baseline
Strategies optimized sequentially with baseline updates

==================================================
Final Round: Optimizing F1
==================================================
  Strategy baseline: 28.781524
  Turn 1: P1 - Enhanced heuristic and pheromone formulation for better optimization.
    Cost: 29.277125, Improvement: -1.72% (BELOW)
  Turn 2: P2 - Updated heuristic and pheromone calculations for better performance.
    Cost: 35.592099, Improvement: -23.66% (BELOW)
  Turn 3: P1 - Adjusted heuristic and pheromone calculations for better performance.
    Cost: 36.623329, Improvement: -27.25% (BELOW)
  Turn 4: P2 - Enhanced heuristic and pheromone calculations for better optimization.
    Cost: 29.311139, Improvement: -1.84% (BELOW)
  Turn 5: P1 - Improved heuristic and pheromone scaling for better performance in baseline cost reduction.
    Cost: 30.788328, Improvement: -6.97% (BELOW)
  Turn 6: P2 - Enhanced heuristic and pheromone for improved performance.
    Cost: 29.615483, Improvement: -2.90% (BELOW)
  Turn 7: P1 - Improved heuristic and pheromone calculations for better path exploration.
    Cost: 29.528892, Improvement: -2.60% (BELOW)
  Turn 8: P2 - Enhanced heuristic and pheromone initialization for better performance.
    Cost: 29.543299, Improvement: -2.65% (BELOW)
  Turn 9: P1 - Enhanced heuristic and pheromone calculations for better optimization.
    Cost: 29.329072, Improvement: -1.90% (BELOW)
  Turn 10: P2 - Enhanced F1 with improved heuristic and pheromone computations.
    Cost: 28.869457, Improvement: -0.31% (BELOW)

  F1 Results:
    P1 best: 29.277125
    P2 best: 28.869457
    Winner: P2
    No improvement to global baseline

==================================================
Final Round: Optimizing F2
==================================================
  Strategy baseline: 28.781524
  Turn 1: P1 - Optimized pheromone and heuristic balance with adaptive parameters.
    Cost: 29.076613, Improvement: -1.03% (BELOW)
  Turn 2: P2 - Revised alpha and beta for increased adaptability.
    Cost: 29.200765, Improvement: -1.46% (BELOW)
  Turn 3: P1 - Enhanced pheromone decay and heuristic boost for better performance.
    Cost: 29.220685, Improvement: -1.53% (BELOW)
  Turn 4: P2 - Enhanced dynamic tuning of alpha and beta using cosine and sine functions.
    Cost: 28.873240, Improvement: -0.32% (BELOW)
  Turn 5: P1 - Enhanced alpha and beta dynamics for improved probability calculations in F2.
    Cost: 28.996308, Improvement: -0.75% (BELOW)
  Turn 6: P2 - Improved dynamic adjustment of alpha and beta for pheromone and heuristic influence.
    Cost: 29.022607, Improvement: -0.84% (BELOW)
  Turn 7: P1 - Enhanced dynamic hyperparameters for better adaptivity in pheromone and heuristic influences.
    Cost: 29.316570, Improvement: -1.86% (BELOW)
  Turn 8: P2 - Enhanced dynamic alpha and beta for better exploration and optimization.
    Cost: 28.848360, Improvement: -0.23% (BELOW)
  Turn 9: P1 - Enhanced dynamic parameters for alpha and beta to improve probability computation.
    Cost: 29.127072, Improvement: -1.20% (BELOW)
  Turn 10: P2 - Enhanced dynamic tuning for alpha and beta to improve transition probabilities.
    Cost: 28.812124, Improvement: -0.11% (BELOW)

  F2 Results:
    P1 best: 28.996308
    P2 best: 28.812124
    Winner: P2
    No improvement to global baseline

==================================================
Final Round: Optimizing F3
==================================================
  Strategy baseline: 28.781524
  Turn 1: P1 - Optimized pheromone update with adjusted decay and deposit strategy.
    Cost: 29.538836, Improvement: -2.63% (BELOW)
  Turn 2: P2 - Enhanced pheromone update with better decay and deposit adjustments.
    Cost: 29.649215, Improvement: -3.01% (BELOW)
  Turn 3: P1 - Adjusted pheromone decay and deposit strategy for better optimization.
    Cost: 29.571676, Improvement: -2.75% (BELOW)
  Turn 4: P2 - Enhanced pheromone decay and deposit strategy to explore better paths.
    Cost: 30.315193, Improvement: -5.33% (BELOW)
  Turn 5: P1 - Adjusted pheromone decay and deposit rates for better cost efficiency.
    Cost: 29.608550, Improvement: -2.87% (BELOW)
  Turn 6: P2 - Adjusted decay, increased strong deposit, and tuned weak deposit.
    Cost: 29.609671, Improvement: -2.88% (BELOW)
  Turn 7: P1 - Reduced decay rate and adjusted pheromone deposit values for enhanced performance.
    Cost: 29.982001, Improvement: -4.17% (BELOW)
  Turn 8: P2 - Adjusted pheromone update strategy for better performance.
    Cost: 29.609671, Improvement: -2.88% (BELOW)
  Turn 9: P1 - Enhanced pheromone update strategy for better path optimization.
    Cost: 29.198030, Improvement: -1.45% (BELOW)
  Turn 10: P2 - Enhanced pheromone decay and deposit factors for improved performance.
    Cost: 29.460151, Improvement: -2.36% (BELOW)

  F3 Results:
    P1 best: 29.198030
    P2 best: 29.460151
    Winner: P1
    No improvement to global baseline

============================================================
FINAL ROUND COMPLETED
============================================================
Initial cost: 28.781524
Final cost: 28.781524
Total improvement: 0.00%

Strategy Winners:
  F1: P2 with 28.869457
  F2: P2 with 28.812124
  F3: P1 with 29.198030
Best combination saved to files

Saving Final Round strategies to results...
  Saved F1 to 20260729_160823_tsp_aco_F1_final_best.py
  Saved F2 to 20260729_160823_tsp_aco_F2_final_best.py
  Saved F3 to 20260729_160823_tsp_aco_F3_final_best.py
Saved 3 Final Round strategy files

============================================================
TWO-PHASE OPTIMIZATION COMPLETED
============================================================
Phase Summary:
  Round 1: 11.84% improvement
  Final Round: 0.00% total improvement
  Results saved to: results
  Log files:
    Round 1: results/20260729_160823_tsp_aco_round_1.json
    Final Round: results/20260729_160823_tsp_aco_round_2.json

Optimization completed successfully!
